To honour the JVM settings for this build a single-use Daemon process will be forked. For more on this, please refer to https://docs.gradle.org/8.10.2/userguide/gradle_daemon.html#sec:disabling_the_daemon in the Gradle documentation.
Daemon will be stopped at the end of the build 
Reusing configuration cache.
> Task :core:core-common:preBuild UP-TO-DATE
> Task :core:core-database:preBuild UP-TO-DATE
> Task :core:core-data:preBuild UP-TO-DATE
> Task :core:core-arch:preBuild UP-TO-DATE
> Task :app:checkKotlinGradlePluginConfigurationErrors SKIPPED
> Task :app:preBuild UP-TO-DATE
> Task :core:core-common:preDebugBuild UP-TO-DATE
> Task :core:core-arch:preDebugBuild UP-TO-DATE
> Task :app:preDebugBuild UP-TO-DATE
> Task :core:core-database:preDebugBuild UP-TO-DATE
> Task :core:core-model:preBuild UP-TO-DATE
> Task :core:core-data:preDebugBuild UP-TO-DATE
> Task :app:mergeDebugNativeDebugMetadata NO-SOURCE
> Task :core:core-model:preDebugBuild UP-TO-DATE
> Task :core:core-model:writeDebugAarMetadata UP-TO-DATE
> Task :core:core-database:writeDebugAarMetadata UP-TO-DATE
> Task :core:core-data:writeDebugAarMetadata UP-TO-DATE
> Task :core:core-common:writeDebugAarMetadata UP-TO-DATE
> Task :core:core-arch:writeDebugAarMetadata UP-TO-DATE
> Task :app:generateDebugBuildConfig UP-TO-DATE
> Task :core:core-ui:preBuild UP-TO-DATE
> Task :feature:feature-editor:preBuild UP-TO-DATE
> Task :feature:feature-files:preBuild UP-TO-DATE
> Task :feature:feature-files:preDebugBuild UP-TO-DATE
> Task :core:core-ui:preDebugBuild UP-TO-DATE
> Task :feature:feature-editor:preDebugBuild UP-TO-DATE
> Task :feature:feature-analyzer:preBuild UP-TO-DATE
> Task :core:core-plugin:preBuild UP-TO-DATE
> Task :feature:feature-analyzer:preDebugBuild UP-TO-DATE
> Task :core:core-plugin:preDebugBuild UP-TO-DATE
> Task :feature:feature-player:preBuild UP-TO-DATE
> Task :feature:feature-player:preDebugBuild UP-TO-DATE
> Task :core:core-ui:writeDebugAarMetadata UP-TO-DATE
> Task :feature:feature-remote:preBuild UP-TO-DATE
> Task :feature:feature-remote:preDebugBuild UP-TO-DATE
> Task :feature:feature-files:writeDebugAarMetadata UP-TO-DATE
> Task :feature:feature-settings:preBuild UP-TO-DATE
> Task :feature:feature-analyzer:writeDebugAarMetadata UP-TO-DATE
> Task :core:core-plugin:writeDebugAarMetadata UP-TO-DATE
> Task :feature:feature-player:writeDebugAarMetadata UP-TO-DATE
> Task :feature:feature-editor:writeDebugAarMetadata UP-TO-DATE
> Task :feature:feature-settings:preDebugBuild UP-TO-DATE
> Task :library:lib-syntax:preBuild UP-TO-DATE
> Task :feature:feature-terminal:preBuild UP-TO-DATE
> Task :library:lib-apk:preBuild UP-TO-DATE
> Task :library:lib-apk:preDebugBuild UP-TO-DATE
> Task :feature:feature-terminal:preDebugBuild UP-TO-DATE
> Task :library:lib-syntax:preDebugBuild UP-TO-DATE
> Task :feature:feature-remote:writeDebugAarMetadata UP-TO-DATE
> Task :feature:feature-settings:writeDebugAarMetadata UP-TO-DATE
> Task :feature:feature-tools:preBuild UP-TO-DATE
> Task :feature:feature-tools:preDebugBuild UP-TO-DATE
> Task :library:lib-apk:writeDebugAarMetadata UP-TO-DATE
> Task :feature:feature-terminal:writeDebugAarMetadata UP-TO-DATE
> Task :library:lib-syntax:writeDebugAarMetadata UP-TO-DATE
> Task :app:generateDebugResValues UP-TO-DATE
> Task :feature:feature-tools:writeDebugAarMetadata UP-TO-DATE
> Task :core:core-data:generateDebugResValues UP-TO-DATE
> Task :core:core-common:generateDebugResValues UP-TO-DATE
> Task :core:core-database:generateDebugResValues UP-TO-DATE
> Task :core:core-arch:generateDebugResValues UP-TO-DATE
> Task :core:core-model:generateDebugResValues UP-TO-DATE
> Task :core:core-database:generateDebugResources UP-TO-DATE
> Task :core:core-data:generateDebugResources UP-TO-DATE
> Task :core:core-common:generateDebugResources UP-TO-DATE
> Task :core:core-model:generateDebugResources UP-TO-DATE
> Task :core:core-arch:generateDebugResources UP-TO-DATE
> Task :core:core-arch:packageDebugResources UP-TO-DATE
> Task :core:core-common:packageDebugResources UP-TO-DATE
> Task :core:core-data:packageDebugResources UP-TO-DATE
> Task :core:core-database:packageDebugResources UP-TO-DATE
> Task :core:core-model:packageDebugResources UP-TO-DATE
> Task :core:core-plugin:generateDebugResValues UP-TO-DATE
> Task :core:core-ui:generateDebugResValues UP-TO-DATE
> Task :feature:feature-editor:generateDebugResValues UP-TO-DATE
> Task :feature:feature-files:generateDebugResValues UP-TO-DATE
> Task :feature:feature-analyzer:generateDebugResValues UP-TO-DATE
> Task :feature:feature-editor:generateDebugResources UP-TO-DATE
> Task :core:core-plugin:generateDebugResources UP-TO-DATE
> Task :feature:feature-files:generateDebugResources UP-TO-DATE
> Task :core:core-ui:generateDebugResources UP-TO-DATE
> Task :feature:feature-analyzer:generateDebugResources UP-TO-DATE
> Task :feature:feature-editor:packageDebugResources UP-TO-DATE
> Task :feature:feature-files:packageDebugResources UP-TO-DATE
> Task :core:core-plugin:packageDebugResources UP-TO-DATE
> Task :feature:feature-player:generateDebugResValues UP-TO-DATE
> Task :feature:feature-remote:generateDebugResValues UP-TO-DATE
> Task :feature:feature-player:generateDebugResources UP-TO-DATE
> Task :feature:feature-analyzer:packageDebugResources UP-TO-DATE
> Task :feature:feature-remote:generateDebugResources UP-TO-DATE
> Task :core:core-ui:packageDebugResources UP-TO-DATE
> Task :feature:feature-settings:generateDebugResValues UP-TO-DATE
> Task :feature:feature-terminal:generateDebugResValues UP-TO-DATE
> Task :feature:feature-tools:generateDebugResValues UP-TO-DATE
> Task :feature:feature-settings:generateDebugResources UP-TO-DATE
> Task :feature:feature-remote:packageDebugResources UP-TO-DATE
> Task :feature:feature-tools:generateDebugResources UP-TO-DATE
> Task :feature:feature-player:packageDebugResources UP-TO-DATE
> Task :feature:feature-terminal:generateDebugResources UP-TO-DATE
> Task :library:lib-apk:generateDebugResValues UP-TO-DATE
> Task :library:lib-syntax:generateDebugResValues UP-TO-DATE
> Task :library:lib-syntax:generateDebugResources UP-TO-DATE
> Task :feature:feature-settings:packageDebugResources UP-TO-DATE
> Task :library:lib-apk:generateDebugResources UP-TO-DATE
> Task :feature:feature-terminal:packageDebugResources UP-TO-DATE
> Task :feature:feature-tools:packageDebugResources UP-TO-DATE
> Task :app:generateDebugResources UP-TO-DATE
> Task :app:extractDeepLinksDebug UP-TO-DATE
> Task :library:lib-syntax:packageDebugResources UP-TO-DATE
> Task :app:createDebugCompatibleScreenManifests UP-TO-DATE
> Task :core:core-arch:extractDeepLinksDebug UP-TO-DATE
> Task :core:core-common:extractDeepLinksDebug UP-TO-DATE
> Task :library:lib-apk:packageDebugResources UP-TO-DATE
> Task :core:core-arch:processDebugManifest UP-TO-DATE
> Task :core:core-common:processDebugManifest UP-TO-DATE
> Task :app:packageDebugResources UP-TO-DATE
> Task :core:core-data:extractDeepLinksDebug UP-TO-DATE
> Task :core:core-database:extractDeepLinksDebug UP-TO-DATE
> Task :app:parseDebugLocalResources UP-TO-DATE
> Task :core:core-database:processDebugManifest UP-TO-DATE
> Task :core:core-model:extractDeepLinksDebug UP-TO-DATE
> Task :core:core-model:processDebugManifest UP-TO-DATE
> Task :core:core-plugin:extractDeepLinksDebug UP-TO-DATE
> Task :core:core-data:processDebugManifest UP-TO-DATE
> Task :core:core-ui:extractDeepLinksDebug UP-TO-DATE
> Task :core:core-ui:processDebugManifest UP-TO-DATE
> Task :feature:feature-analyzer:extractDeepLinksDebug UP-TO-DATE
> Task :core:core-plugin:processDebugManifest UP-TO-DATE
> Task :feature:feature-editor:processDebugManifest UP-TO-DATE
> Task :feature:feature-editor:extractDeepLinksDebug UP-TO-DATE
> Task :feature:feature-analyzer:processDebugManifest UP-TO-DATE
> Task :feature:feature-files:extractDeepLinksDebug UP-TO-DATE
> Task :feature:feature-files:processDebugManifest UP-TO-DATE
> Task :feature:feature-player:extractDeepLinksDebug UP-TO-DATE
> Task :feature:feature-remote:extractDeepLinksDebug UP-TO-DATE
> Task :feature:feature-player:processDebugManifest UP-TO-DATE
> Task :feature:feature-remote:processDebugManifest UP-TO-DATE
> Task :feature:feature-settings:extractDeepLinksDebug UP-TO-DATE
> Task :feature:feature-terminal:extractDeepLinksDebug UP-TO-DATE
> Task :feature:feature-tools:extractDeepLinksDebug UP-TO-DATE
> Task :feature:feature-settings:processDebugManifest UP-TO-DATE
> Task :library:lib-apk:extractDeepLinksDebug UP-TO-DATE
> Task :feature:feature-terminal:processDebugManifest UP-TO-DATE
> Task :library:lib-syntax:extractDeepLinksDebug UP-TO-DATE
> Task :feature:feature-tools:processDebugManifest UP-TO-DATE
> Task :core:core-arch:compileDebugLibraryResources UP-TO-DATE
> Task :library:lib-apk:processDebugManifest UP-TO-DATE
> Task :library:lib-syntax:processDebugManifest UP-TO-DATE
> Task :core:core-common:compileDebugLibraryResources UP-TO-DATE
> Task :core:core-arch:parseDebugLocalResources UP-TO-DATE
> Task :core:core-common:parseDebugLocalResources UP-TO-DATE
> Task :core:core-arch:generateDebugRFile UP-TO-DATE
> Task :core:core-data:compileDebugLibraryResources UP-TO-DATE
> Task :core:core-common:generateDebugRFile UP-TO-DATE
> Task :core:core-data:parseDebugLocalResources UP-TO-DATE
> Task :core:core-database:compileDebugLibraryResources UP-TO-DATE
> Task :core:core-data:generateDebugRFile UP-TO-DATE
> Task :core:core-database:parseDebugLocalResources UP-TO-DATE
> Task :core:core-model:compileDebugLibraryResources UP-TO-DATE
> Task :core:core-model:parseDebugLocalResources UP-TO-DATE
> Task :core:core-database:generateDebugRFile UP-TO-DATE
> Task :core:core-plugin:compileDebugLibraryResources UP-TO-DATE
> Task :core:core-plugin:parseDebugLocalResources UP-TO-DATE
> Task :core:core-model:generateDebugRFile UP-TO-DATE
> Task :core:core-ui:compileDebugLibraryResources UP-TO-DATE
> Task :core:core-plugin:generateDebugRFile UP-TO-DATE
> Task :core:core-ui:parseDebugLocalResources UP-TO-DATE
> Task :core:core-ui:generateDebugRFile UP-TO-DATE
> Task :feature:feature-analyzer:parseDebugLocalResources UP-TO-DATE
> Task :feature:feature-analyzer:compileDebugLibraryResources UP-TO-DATE
> Task :feature:feature-editor:compileDebugLibraryResources UP-TO-DATE
> Task :feature:feature-analyzer:generateDebugRFile UP-TO-DATE
> Task :feature:feature-files:compileDebugLibraryResources UP-TO-DATE
> Task :feature:feature-files:parseDebugLocalResources UP-TO-DATE
> Task :feature:feature-editor:parseDebugLocalResources UP-TO-DATE
> Task :feature:feature-files:generateDebugRFile UP-TO-DATE
> Task :feature:feature-editor:generateDebugRFile UP-TO-DATE
> Task :feature:feature-player:compileDebugLibraryResources UP-TO-DATE
> Task :feature:feature-remote:compileDebugLibraryResources UP-TO-DATE
> Task :feature:feature-player:parseDebugLocalResources UP-TO-DATE
> Task :feature:feature-remote:parseDebugLocalResources UP-TO-DATE
> Task :feature:feature-remote:generateDebugRFile UP-TO-DATE
> Task :feature:feature-settings:compileDebugLibraryResources UP-TO-DATE
> Task :feature:feature-settings:parseDebugLocalResources UP-TO-DATE
> Task :feature:feature-player:generateDebugRFile UP-TO-DATE
> Task :feature:feature-settings:generateDebugRFile UP-TO-DATE
> Task :feature:feature-terminal:compileDebugLibraryResources UP-TO-DATE
> Task :feature:feature-terminal:parseDebugLocalResources UP-TO-DATE
> Task :feature:feature-tools:compileDebugLibraryResources UP-TO-DATE
> Task :feature:feature-terminal:generateDebugRFile UP-TO-DATE
> Task :feature:feature-tools:parseDebugLocalResources UP-TO-DATE
> Task :library:lib-apk:compileDebugLibraryResources UP-TO-DATE
> Task :feature:feature-tools:generateDebugRFile UP-TO-DATE
> Task :library:lib-apk:parseDebugLocalResources UP-TO-DATE
> Task :library:lib-syntax:compileDebugLibraryResources UP-TO-DATE
> Task :library:lib-syntax:parseDebugLocalResources UP-TO-DATE
> Task :library:lib-apk:generateDebugRFile UP-TO-DATE
> Task :core:core-arch:checkKotlinGradlePluginConfigurationErrors SKIPPED
> Task :library:lib-syntax:generateDebugRFile UP-TO-DATE
> Task :core:core-arch:generateDebugBuildConfig UP-TO-DATE
> Task :core:core-arch:javaPreCompileDebug UP-TO-DATE
> Task :core:core-common:checkKotlinGradlePluginConfigurationErrors SKIPPED
> Task :core:core-common:generateDebugBuildConfig UP-TO-DATE
> Task :app:mapDebugSourceSetPaths UP-TO-DATE
> Task :app:mergeDebugResources UP-TO-DATE
> Task :core:core-data:checkKotlinGradlePluginConfigurationErrors SKIPPED
> Task :app:checkDebugAarMetadata UP-TO-DATE
> Task :core:core-common:javaPreCompileDebug UP-TO-DATE
> Task :core:core-database:checkKotlinGradlePluginConfigurationErrors SKIPPED
> Task :core:core-model:checkKotlinGradlePluginConfigurationErrors SKIPPED
> Task :core:core-model:generateDebugBuildConfig UP-TO-DATE
> Task :core:core-database:generateDebugBuildConfig UP-TO-DATE
> Task :core:core-model:javaPreCompileDebug UP-TO-DATE
> Task :core:core-data:generateDebugBuildConfig UP-TO-DATE
> Task :core:core-data:javaPreCompileDebug UP-TO-DATE
> Task :core:core-plugin:checkKotlinGradlePluginConfigurationErrors SKIPPED
> Task :core:core-database:javaPreCompileDebug UP-TO-DATE
> Task :core:core-plugin:javaPreCompileDebug UP-TO-DATE
> Task :core:core-plugin:generateDebugBuildConfig UP-TO-DATE
> Task :core:core-ui:checkKotlinGradlePluginConfigurationErrors SKIPPED
> Task :core:core-ui:generateDebugBuildConfig UP-TO-DATE
> Task :app:processDebugMainManifest UP-TO-DATE
> Task :core:core-arch:compileDebugKotlin UP-TO-DATE
> Task :core:core-model:compileDebugKotlin UP-TO-DATE
> Task :app:processDebugManifest UP-TO-DATE
> Task :core:core-common:compileDebugKotlin UP-TO-DATE
> Task :app:processDebugManifestForPackage UP-TO-DATE
> Task :core:core-arch:compileDebugJavaWithJavac UP-TO-DATE
> Task :core:core-common:compileDebugJavaWithJavac UP-TO-DATE
> Task :core:core-common:bundleLibCompileToJarDebug UP-TO-DATE
> Task :core:core-model:compileDebugJavaWithJavac UP-TO-DATE
> Task :core:core-arch:bundleLibCompileToJarDebug UP-TO-DATE
> Task :core:core-model:bundleLibCompileToJarDebug UP-TO-DATE
> Task :core:core-common:bundleLibRuntimeToJarDebug UP-TO-DATE
> Task :core:core-model:bundleLibRuntimeToJarDebug UP-TO-DATE
> Task :core:core-ui:javaPreCompileDebug UP-TO-DATE
> Task :feature:feature-analyzer:checkKotlinGradlePluginConfigurationErrors SKIPPED
> Task :feature:feature-analyzer:generateDebugBuildConfig UP-TO-DATE
> Task :core:core-arch:bundleLibRuntimeToJarDebug UP-TO-DATE
> Task :library:lib-apk:checkKotlinGradlePluginConfigurationErrors SKIPPED
> Task :library:lib-apk:javaPreCompileDebug UP-TO-DATE
> Task :library:lib-apk:generateDebugBuildConfig UP-TO-DATE
> Task :core:core-plugin:compileDebugKotlin UP-TO-DATE
> Task :feature:feature-analyzer:javaPreCompileDebug UP-TO-DATE
> Task :feature:feature-editor:checkKotlinGradlePluginConfigurationErrors SKIPPED
> Task :feature:feature-editor:generateDebugBuildConfig UP-TO-DATE
> Task :library:lib-syntax:checkKotlinGradlePluginConfigurationErrors SKIPPED
> Task :library:lib-syntax:generateDebugBuildConfig UP-TO-DATE
> Task :core:core-plugin:compileDebugJavaWithJavac UP-TO-DATE
> Task :core:core-plugin:bundleLibCompileToJarDebug UP-TO-DATE
> Task :library:lib-syntax:javaPreCompileDebug UP-TO-DATE
> Task :feature:feature-editor:javaPreCompileDebug UP-TO-DATE
> Task :feature:feature-files:checkKotlinGradlePluginConfigurationErrors SKIPPED
> Task :feature:feature-files:generateDebugBuildConfig UP-TO-DATE
> Task :feature:feature-files:javaPreCompileDebug UP-TO-DATE
> Task :feature:feature-player:checkKotlinGradlePluginConfigurationErrors SKIPPED
> Task :feature:feature-player:generateDebugBuildConfig UP-TO-DATE
> Task :feature:feature-player:javaPreCompileDebug UP-TO-DATE
> Task :feature:feature-remote:checkKotlinGradlePluginConfigurationErrors SKIPPED
> Task :feature:feature-remote:generateDebugBuildConfig UP-TO-DATE
> Task :feature:feature-remote:javaPreCompileDebug UP-TO-DATE
> Task :feature:feature-settings:checkKotlinGradlePluginConfigurationErrors SKIPPED
> Task :library:lib-apk:compileDebugKotlin UP-TO-DATE
> Task :library:lib-syntax:compileDebugKotlin UP-TO-DATE
> Task :library:lib-apk:compileDebugJavaWithJavac UP-TO-DATE
> Task :feature:feature-settings:generateDebugBuildConfig UP-TO-DATE
> Task :library:lib-apk:bundleLibRuntimeToJarDebug UP-TO-DATE
> Task :library:lib-syntax:compileDebugJavaWithJavac UP-TO-DATE
> Task :library:lib-apk:bundleLibCompileToJarDebug UP-TO-DATE
> Task :library:lib-syntax:bundleLibCompileToJarDebug UP-TO-DATE
> Task :feature:feature-terminal:checkKotlinGradlePluginConfigurationErrors SKIPPED
> Task :library:lib-syntax:bundleLibRuntimeToJarDebug UP-TO-DATE
> Task :feature:feature-settings:javaPreCompileDebug UP-TO-DATE
> Task :feature:feature-terminal:generateDebugBuildConfig UP-TO-DATE
> Task :feature:feature-tools:checkKotlinGradlePluginConfigurationErrors SKIPPED
> Task :core:core-plugin:bundleLibRuntimeToJarDebug UP-TO-DATE
> Task :feature:feature-tools:generateDebugBuildConfig UP-TO-DATE
> Task :feature:feature-tools:javaPreCompileDebug UP-TO-DATE
> Task :feature:feature-terminal:javaPreCompileDebug UP-TO-DATE
> Task :app:javaPreCompileDebug UP-TO-DATE
> Task :core:core-arch:mergeDebugShaders UP-TO-DATE
> Task :app:mergeDebugShaders UP-TO-DATE
> Task :core:core-arch:compileDebugShaders NO-SOURCE
> Task :core:core-arch:generateDebugAssets UP-TO-DATE
> Task :app:compileDebugShaders NO-SOURCE
> Task :app:generateDebugAssets UP-TO-DATE
> Task :core:core-common:mergeDebugShaders UP-TO-DATE
> Task :core:core-common:compileDebugShaders NO-SOURCE
> Task :core:core-common:generateDebugAssets UP-TO-DATE
> Task :core:core-arch:packageDebugAssets UP-TO-DATE
> Task :core:core-data:mergeDebugShaders UP-TO-DATE
> Task :core:core-data:compileDebugShaders NO-SOURCE
> Task :core:core-common:packageDebugAssets UP-TO-DATE
> Task :core:core-database:mergeDebugShaders UP-TO-DATE
> Task :core:core-data:generateDebugAssets UP-TO-DATE
> Task :core:core-database:compileDebugShaders NO-SOURCE
> Task :core:core-database:generateDebugAssets UP-TO-DATE
> Task :core:core-database:packageDebugAssets UP-TO-DATE
> Task :core:core-data:packageDebugAssets UP-TO-DATE
> Task :core:core-model:mergeDebugShaders UP-TO-DATE
> Task :core:core-plugin:mergeDebugShaders UP-TO-DATE
> Task :core:core-ui:mergeDebugShaders UP-TO-DATE
> Task :core:core-ui:compileDebugShaders NO-SOURCE
> Task :core:core-ui:generateDebugAssets UP-TO-DATE
> Task :core:core-plugin:compileDebugShaders NO-SOURCE
> Task :core:core-plugin:generateDebugAssets UP-TO-DATE
> Task :core:core-model:compileDebugShaders NO-SOURCE
> Task :core:core-model:generateDebugAssets UP-TO-DATE
> Task :core:core-ui:packageDebugAssets UP-TO-DATE
> Task :core:core-plugin:packageDebugAssets UP-TO-DATE
> Task :core:core-model:packageDebugAssets UP-TO-DATE
> Task :feature:feature-files:mergeDebugShaders UP-TO-DATE
> Task :feature:feature-files:compileDebugShaders NO-SOURCE
> Task :feature:feature-files:generateDebugAssets UP-TO-DATE
> Task :feature:feature-files:packageDebugAssets UP-TO-DATE
> Task :feature:feature-analyzer:mergeDebugShaders UP-TO-DATE
> Task :feature:feature-editor:mergeDebugShaders UP-TO-DATE
> Task :feature:feature-editor:compileDebugShaders NO-SOURCE
> Task :feature:feature-editor:generateDebugAssets UP-TO-DATE
> Task :feature:feature-player:mergeDebugShaders UP-TO-DATE
> Task :feature:feature-analyzer:compileDebugShaders NO-SOURCE
> Task :feature:feature-player:compileDebugShaders NO-SOURCE
> Task :feature:feature-editor:packageDebugAssets UP-TO-DATE
> Task :feature:feature-analyzer:generateDebugAssets UP-TO-DATE
> Task :feature:feature-player:generateDebugAssets UP-TO-DATE
> Task :feature:feature-remote:mergeDebugShaders UP-TO-DATE
> Task :feature:feature-analyzer:packageDebugAssets UP-TO-DATE
> Task :feature:feature-player:packageDebugAssets UP-TO-DATE
> Task :feature:feature-remote:compileDebugShaders NO-SOURCE
> Task :feature:feature-remote:generateDebugAssets UP-TO-DATE
> Task :feature:feature-settings:mergeDebugShaders UP-TO-DATE
> Task :feature:feature-terminal:mergeDebugShaders UP-TO-DATE
> Task :feature:feature-terminal:compileDebugShaders NO-SOURCE
> Task :feature:feature-terminal:generateDebugAssets UP-TO-DATE
> Task :core:core-database:kspDebugKotlin UP-TO-DATE
> Task :feature:feature-remote:packageDebugAssets UP-TO-DATE
> Task :feature:feature-terminal:packageDebugAssets UP-TO-DATE
> Task :feature:feature-settings:compileDebugShaders NO-SOURCE
> Task :feature:feature-tools:mergeDebugShaders UP-TO-DATE
> Task :feature:feature-settings:generateDebugAssets UP-TO-DATE
> Task :feature:feature-tools:compileDebugShaders NO-SOURCE
> Task :feature:feature-tools:generateDebugAssets UP-TO-DATE
> Task :feature:feature-settings:packageDebugAssets UP-TO-DATE
> Task :library:lib-apk:mergeDebugShaders UP-TO-DATE
> Task :library:lib-apk:compileDebugShaders NO-SOURCE
> Task :library:lib-apk:generateDebugAssets UP-TO-DATE
> Task :feature:feature-tools:packageDebugAssets UP-TO-DATE
> Task :library:lib-syntax:mergeDebugShaders UP-TO-DATE
> Task :library:lib-apk:packageDebugAssets UP-TO-DATE
> Task :library:lib-syntax:compileDebugShaders NO-SOURCE
> Task :library:lib-syntax:generateDebugAssets UP-TO-DATE
> Task :library:lib-syntax:packageDebugAssets UP-TO-DATE
> Task :core:core-database:compileDebugKotlin UP-TO-DATE
> Task :core:core-database:compileDebugJavaWithJavac UP-TO-DATE
> Task :core:core-database:copyRoomSchemas NO-SOURCE
> Task :app:desugarDebugFileDependencies UP-TO-DATE
> Task :core:core-arch:processDebugJavaRes UP-TO-DATE
> Task :core:core-database:processDebugJavaRes UP-TO-DATE
> Task :core:core-common:processDebugJavaRes UP-TO-DATE
> Task :core:core-model:processDebugJavaRes UP-TO-DATE
> Task :core:core-plugin:processDebugJavaRes UP-TO-DATE
> Task :library:lib-apk:processDebugJavaRes UP-TO-DATE
> Task :library:lib-syntax:processDebugJavaRes UP-TO-DATE
> Task :core:core-arch:bundleLibRuntimeToDirDebug UP-TO-DATE
> Task :core:core-plugin:bundleLibRuntimeToDirDebug UP-TO-DATE
> Task :core:core-model:bundleLibRuntimeToDirDebug UP-TO-DATE
> Task :core:core-common:bundleLibRuntimeToDirDebug UP-TO-DATE
> Task :library:lib-apk:bundleLibRuntimeToDirDebug UP-TO-DATE
> Task :library:lib-syntax:bundleLibRuntimeToDirDebug UP-TO-DATE
> Task :app:mergeDebugJniLibFolders UP-TO-DATE
> Task :core:core-arch:mergeDebugJniLibFolders UP-TO-DATE
> Task :core:core-arch:mergeDebugNativeLibs NO-SOURCE
> Task :core:core-arch:copyDebugJniLibsProjectOnly UP-TO-DATE
> Task :core:core-common:mergeDebugJniLibFolders UP-TO-DATE
> Task :core:core-common:mergeDebugNativeLibs NO-SOURCE
> Task :core:core-common:copyDebugJniLibsProjectOnly UP-TO-DATE
> Task :core:core-data:mergeDebugJniLibFolders UP-TO-DATE
> Task :core:core-data:mergeDebugNativeLibs NO-SOURCE
> Task :core:core-data:copyDebugJniLibsProjectOnly UP-TO-DATE
> Task :core:core-database:mergeDebugJniLibFolders UP-TO-DATE
> Task :core:core-database:mergeDebugNativeLibs NO-SOURCE
> Task :app:mergeDebugAssets UP-TO-DATE
> Task :core:core-database:copyDebugJniLibsProjectOnly UP-TO-DATE
> Task :app:compressDebugAssets UP-TO-DATE
> Task :core:core-model:mergeDebugJniLibFolders UP-TO-DATE
> Task :core:core-model:mergeDebugNativeLibs NO-SOURCE
> Task :app:checkDebugDuplicateClasses UP-TO-DATE
> Task :core:core-plugin:mergeDebugJniLibFolders UP-TO-DATE
> Task :core:core-model:copyDebugJniLibsProjectOnly UP-TO-DATE
> Task :core:core-database:transformDebugClassesWithAsm UP-TO-DATE
> Task :core:core-database:bundleLibRuntimeToJarDebug UP-TO-DATE
> Task :core:core-database:bundleLibCompileToJarDebug UP-TO-DATE
> Task :core:core-plugin:mergeDebugNativeLibs NO-SOURCE
> Task :core:core-plugin:copyDebugJniLibsProjectOnly UP-TO-DATE
> Task :core:core-ui:mergeDebugJniLibFolders UP-TO-DATE
> Task :core:core-ui:mergeDebugNativeLibs NO-SOURCE
> Task :core:core-ui:copyDebugJniLibsProjectOnly UP-TO-DATE
> Task :core:core-database:bundleLibRuntimeToDirDebug UP-TO-DATE
> Task :feature:feature-analyzer:mergeDebugJniLibFolders UP-TO-DATE
> Task :feature:feature-analyzer:mergeDebugNativeLibs NO-SOURCE
> Task :feature:feature-analyzer:copyDebugJniLibsProjectOnly UP-TO-DATE
> Task :feature:feature-editor:mergeDebugJniLibFolders UP-TO-DATE
> Task :feature:feature-editor:mergeDebugNativeLibs NO-SOURCE
> Task :feature:feature-files:mergeDebugJniLibFolders UP-TO-DATE
> Task :feature:feature-files:mergeDebugNativeLibs NO-SOURCE
> Task :feature:feature-editor:copyDebugJniLibsProjectOnly UP-TO-DATE
> Task :feature:feature-files:copyDebugJniLibsProjectOnly UP-TO-DATE
> Task :feature:feature-player:mergeDebugJniLibFolders UP-TO-DATE
> Task :feature:feature-remote:mergeDebugJniLibFolders UP-TO-DATE
> Task :feature:feature-player:mergeDebugNativeLibs NO-SOURCE
> Task :feature:feature-remote:mergeDebugNativeLibs NO-SOURCE
> Task :feature:feature-player:copyDebugJniLibsProjectOnly UP-TO-DATE
> Task :feature:feature-remote:copyDebugJniLibsProjectOnly UP-TO-DATE
> Task :feature:feature-terminal:mergeDebugJniLibFolders UP-TO-DATE
> Task :feature:feature-settings:mergeDebugJniLibFolders UP-TO-DATE
> Task :feature:feature-settings:mergeDebugNativeLibs NO-SOURCE
> Task :feature:feature-settings:copyDebugJniLibsProjectOnly UP-TO-DATE
> Task :feature:feature-terminal:mergeDebugNativeLibs NO-SOURCE
> Task :feature:feature-terminal:copyDebugJniLibsProjectOnly UP-TO-DATE
> Task :feature:feature-tools:mergeDebugJniLibFolders UP-TO-DATE
> Task :library:lib-apk:mergeDebugJniLibFolders UP-TO-DATE
> Task :feature:feature-tools:mergeDebugNativeLibs NO-SOURCE
> Task :feature:feature-tools:copyDebugJniLibsProjectOnly UP-TO-DATE
> Task :library:lib-apk:mergeDebugNativeLibs NO-SOURCE
> Task :library:lib-syntax:mergeDebugJniLibFolders UP-TO-DATE
> Task :library:lib-apk:copyDebugJniLibsProjectOnly UP-TO-DATE
> Task :app:validateSigningDebug UP-TO-DATE
> Task :library:lib-syntax:mergeDebugNativeLibs NO-SOURCE
> Task :library:lib-syntax:copyDebugJniLibsProjectOnly UP-TO-DATE
> Task :app:writeDebugAppMetadata UP-TO-DATE
> Task :app:writeDebugSigningConfigVersions UP-TO-DATE
> Task :core:core-arch:stripDebugDebugSymbols NO-SOURCE
> Task :core:core-arch:copyDebugJniLibsProjectAndLocalJars UP-TO-DATE
> Task :core:core-arch:extractDebugAnnotations UP-TO-DATE
> Task :core:core-arch:extractDeepLinksForAarDebug UP-TO-DATE
> Task :core:core-arch:mergeDebugGeneratedProguardFiles UP-TO-DATE
> Task :core:core-arch:mergeDebugConsumerProguardFiles UP-TO-DATE
> Task :core:core-arch:prepareDebugArtProfile UP-TO-DATE
> Task :core:core-arch:prepareLintJarForPublish UP-TO-DATE
> Task :core:core-arch:mergeDebugJavaResource UP-TO-DATE
> Task :core:core-arch:syncDebugLibJars UP-TO-DATE
> Task :core:core-arch:bundleDebugAar UP-TO-DATE
> Task :core:core-arch:assembleDebug UP-TO-DATE
> Task :core:core-common:stripDebugDebugSymbols NO-SOURCE
> Task :core:core-common:copyDebugJniLibsProjectAndLocalJars UP-TO-DATE
> Task :core:core-common:extractDebugAnnotations UP-TO-DATE
> Task :core:core-common:extractDeepLinksForAarDebug UP-TO-DATE
> Task :core:core-common:mergeDebugGeneratedProguardFiles UP-TO-DATE
> Task :core:core-common:mergeDebugConsumerProguardFiles UP-TO-DATE
> Task :core:core-common:prepareDebugArtProfile UP-TO-DATE
> Task :core:core-common:prepareLintJarForPublish UP-TO-DATE
> Task :core:core-common:mergeDebugJavaResource UP-TO-DATE
> Task :core:core-common:syncDebugLibJars UP-TO-DATE
> Task :core:core-common:bundleDebugAar UP-TO-DATE
> Task :core:core-common:assembleDebug UP-TO-DATE
> Task :core:core-data:stripDebugDebugSymbols NO-SOURCE
> Task :core:core-data:copyDebugJniLibsProjectAndLocalJars UP-TO-DATE
> Task :core:core-data:extractDeepLinksForAarDebug UP-TO-DATE
> Task :core:core-data:prepareDebugArtProfile UP-TO-DATE
> Task :core:core-data:prepareLintJarForPublish UP-TO-DATE
> Task :core:core-database:stripDebugDebugSymbols NO-SOURCE
> Task :core:core-database:copyDebugJniLibsProjectAndLocalJars UP-TO-DATE
> Task :core:core-database:extractDebugAnnotations UP-TO-DATE
> Task :core:core-database:extractDeepLinksForAarDebug UP-TO-DATE
> Task :core:core-database:mergeDebugGeneratedProguardFiles UP-TO-DATE
> Task :core:core-database:mergeDebugConsumerProguardFiles UP-TO-DATE
> Task :core:core-database:prepareDebugArtProfile UP-TO-DATE
> Task :core:core-database:prepareLintJarForPublish UP-TO-DATE
> Task :core:core-database:mergeDebugJavaResource UP-TO-DATE
> Task :core:core-database:syncDebugLibJars UP-TO-DATE
> Task :core:core-database:bundleDebugAar UP-TO-DATE
> Task :core:core-database:assembleDebug UP-TO-DATE
> Task :core:core-model:stripDebugDebugSymbols NO-SOURCE
> Task :core:core-model:copyDebugJniLibsProjectAndLocalJars UP-TO-DATE
> Task :core:core-model:extractDebugAnnotations UP-TO-DATE
> Task :core:core-model:extractDeepLinksForAarDebug UP-TO-DATE
> Task :core:core-model:mergeDebugGeneratedProguardFiles UP-TO-DATE
> Task :core:core-model:mergeDebugConsumerProguardFiles UP-TO-DATE
> Task :core:core-model:prepareDebugArtProfile UP-TO-DATE
> Task :core:core-model:prepareLintJarForPublish UP-TO-DATE
> Task :core:core-model:mergeDebugJavaResource UP-TO-DATE
> Task :core:core-model:syncDebugLibJars UP-TO-DATE
> Task :app:mergeExtDexDebug UP-TO-DATE
> Task :core:core-plugin:stripDebugDebugSymbols NO-SOURCE
> Task :core:core-model:bundleDebugAar UP-TO-DATE
> Task :core:core-model:assembleDebug UP-TO-DATE
> Task :core:core-plugin:copyDebugJniLibsProjectAndLocalJars UP-TO-DATE
> Task :core:core-plugin:extractDeepLinksForAarDebug UP-TO-DATE
> Task :core:core-plugin:extractDebugAnnotations UP-TO-DATE
> Task :core:core-plugin:mergeDebugGeneratedProguardFiles UP-TO-DATE
> Task :core:core-plugin:mergeDebugConsumerProguardFiles UP-TO-DATE
> Task :core:core-plugin:prepareDebugArtProfile UP-TO-DATE
> Task :core:core-plugin:prepareLintJarForPublish UP-TO-DATE
> Task :core:core-ui:stripDebugDebugSymbols NO-SOURCE
> Task :core:core-ui:copyDebugJniLibsProjectAndLocalJars UP-TO-DATE
> Task :core:core-plugin:mergeDebugJavaResource UP-TO-DATE
> Task :core:core-ui:extractDeepLinksForAarDebug UP-TO-DATE
> Task :app:mergeDebugNativeLibs UP-TO-DATE
> Task :core:core-plugin:syncDebugLibJars UP-TO-DATE
> Task :core:core-plugin:bundleDebugAar UP-TO-DATE
> Task :core:core-ui:prepareDebugArtProfile UP-TO-DATE
> Task :core:core-plugin:assembleDebug UP-TO-DATE
> Task :core:core-ui:prepareLintJarForPublish UP-TO-DATE
> Task :app:stripDebugDebugSymbols UP-TO-DATE
> Task :feature:feature-analyzer:prepareDebugArtProfile UP-TO-DATE
> Task :feature:feature-analyzer:stripDebugDebugSymbols NO-SOURCE
> Task :feature:feature-analyzer:extractDeepLinksForAarDebug UP-TO-DATE
> Task :feature:feature-editor:stripDebugDebugSymbols NO-SOURCE
> Task :feature:feature-analyzer:prepareLintJarForPublish UP-TO-DATE
> Task :feature:feature-analyzer:copyDebugJniLibsProjectAndLocalJars UP-TO-DATE
> Task :feature:feature-editor:copyDebugJniLibsProjectAndLocalJars UP-TO-DATE
> Task :feature:feature-editor:prepareDebugArtProfile UP-TO-DATE
> Task :feature:feature-editor:extractDeepLinksForAarDebug UP-TO-DATE
> Task :feature:feature-editor:prepareLintJarForPublish UP-TO-DATE
> Task :feature:feature-files:stripDebugDebugSymbols NO-SOURCE
> Task :feature:feature-files:prepareDebugArtProfile UP-TO-DATE
> Task :feature:feature-files:extractDeepLinksForAarDebug UP-TO-DATE
> Task :feature:feature-files:copyDebugJniLibsProjectAndLocalJars UP-TO-DATE
> Task :core:core-data:kspDebugKotlin UP-TO-DATE
> Task :feature:feature-player:stripDebugDebugSymbols NO-SOURCE
> Task :feature:feature-files:prepareLintJarForPublish UP-TO-DATE
> Task :feature:feature-player:extractDeepLinksForAarDebug UP-TO-DATE
> Task :feature:feature-player:prepareLintJarForPublish UP-TO-DATE
> Task :feature:feature-remote:stripDebugDebugSymbols NO-SOURCE
> Task :feature:feature-player:prepareDebugArtProfile UP-TO-DATE
> Task :feature:feature-player:copyDebugJniLibsProjectAndLocalJars UP-TO-DATE
> Task :feature:feature-remote:copyDebugJniLibsProjectAndLocalJars UP-TO-DATE
> Task :feature:feature-remote:extractDeepLinksForAarDebug UP-TO-DATE
> Task :feature:feature-remote:prepareLintJarForPublish UP-TO-DATE
> Task :feature:feature-settings:stripDebugDebugSymbols NO-SOURCE
> Task :feature:feature-settings:copyDebugJniLibsProjectAndLocalJars UP-TO-DATE
> Task :feature:feature-remote:prepareDebugArtProfile UP-TO-DATE
> Task :feature:feature-settings:extractDeepLinksForAarDebug UP-TO-DATE
> Task :feature:feature-terminal:stripDebugDebugSymbols NO-SOURCE
> Task :feature:feature-settings:prepareLintJarForPublish UP-TO-DATE
> Task :feature:feature-settings:prepareDebugArtProfile UP-TO-DATE
> Task :feature:feature-terminal:copyDebugJniLibsProjectAndLocalJars UP-TO-DATE
> Task :feature:feature-terminal:extractDeepLinksForAarDebug UP-TO-DATE
> Task :feature:feature-terminal:prepareDebugArtProfile UP-TO-DATE
> Task :feature:feature-tools:stripDebugDebugSymbols NO-SOURCE
> Task :feature:feature-terminal:prepareLintJarForPublish UP-TO-DATE
> Task :feature:feature-tools:extractDeepLinksForAarDebug UP-TO-DATE
> Task :feature:feature-tools:copyDebugJniLibsProjectAndLocalJars UP-TO-DATE
> Task :library:lib-apk:stripDebugDebugSymbols NO-SOURCE
> Task :feature:feature-tools:prepareDebugArtProfile UP-TO-DATE
> Task :feature:feature-tools:prepareLintJarForPublish UP-TO-DATE
> Task :library:lib-apk:extractDeepLinksForAarDebug UP-TO-DATE
> Task :library:lib-apk:mergeDebugGeneratedProguardFiles UP-TO-DATE
> Task :library:lib-apk:extractDebugAnnotations UP-TO-DATE
> Task :library:lib-apk:copyDebugJniLibsProjectAndLocalJars UP-TO-DATE
> Task :library:lib-apk:mergeDebugConsumerProguardFiles UP-TO-DATE
> Task :core:core-data:compileDebugKotlin UP-TO-DATE
> Task :library:lib-apk:prepareLintJarForPublish UP-TO-DATE
> Task :library:lib-apk:prepareDebugArtProfile UP-TO-DATE
> Task :library:lib-apk:mergeDebugJavaResource UP-TO-DATE
> Task :library:lib-apk:syncDebugLibJars UP-TO-DATE
> Task :core:core-data:processDebugJavaRes UP-TO-DATE
> Task :library:lib-apk:bundleDebugAar UP-TO-DATE
> Task :core:core-data:mergeDebugJavaResource UP-TO-DATE
> Task :library:lib-apk:assembleDebug UP-TO-DATE
> Task :library:lib-archive:checkKotlinGradlePluginConfigurationErrors SKIPPED
> Task :library:lib-archive:preBuild UP-TO-DATE
> Task :library:lib-archive:preDebugBuild UP-TO-DATE
> Task :library:lib-archive:prepareLintJarForPublish UP-TO-DATE
> Task :library:lib-archive:mergeDebugJniLibFolders UP-TO-DATE
> Task :core:core-data:extractDebugAnnotations UP-TO-DATE
> Task :library:lib-archive:generateDebugBuildConfig UP-TO-DATE
> Task :core:core-data:compileDebugJavaWithJavac UP-TO-DATE
> Task :library:lib-archive:generateDebugResValues UP-TO-DATE
> Task :library:lib-archive:mergeDebugNativeLibs NO-SOURCE
> Task :library:lib-archive:javaPreCompileDebug UP-TO-DATE
> Task :library:lib-archive:generateDebugResources UP-TO-DATE
> Task :library:lib-archive:stripDebugDebugSymbols NO-SOURCE
> Task :library:lib-archive:extractDeepLinksForAarDebug UP-TO-DATE
> Task :library:lib-archive:copyDebugJniLibsProjectAndLocalJars UP-TO-DATE
> Task :library:lib-archive:mergeDebugShaders UP-TO-DATE
> Task :library:lib-archive:compileDebugShaders NO-SOURCE
> Task :library:lib-archive:generateDebugAssets UP-TO-DATE
> Task :library:lib-archive:prepareDebugArtProfile UP-TO-DATE
> Task :library:lib-archive:packageDebugAssets UP-TO-DATE
> Task :library:lib-archive:writeDebugAarMetadata UP-TO-DATE
> Task :library:lib-archive:packageDebugResources UP-TO-DATE
> Task :library:lib-syntax:stripDebugDebugSymbols NO-SOURCE
> Task :library:lib-syntax:copyDebugJniLibsProjectAndLocalJars UP-TO-DATE
> Task :library:lib-archive:parseDebugLocalResources UP-TO-DATE
> Task :core:core-data:transformDebugClassesWithAsm UP-TO-DATE
> Task :library:lib-archive:processDebugManifest UP-TO-DATE
> Task :core:core-data:bundleLibRuntimeToJarDebug UP-TO-DATE
> Task :library:lib-syntax:extractDebugAnnotations UP-TO-DATE
> Task :core:core-data:bundleLibCompileToJarDebug UP-TO-DATE
> Task :core:core-data:bundleLibRuntimeToDirDebug UP-TO-DATE
> Task :core:core-data:mergeDebugGeneratedProguardFiles UP-TO-DATE
> Task :core:core-data:mergeDebugConsumerProguardFiles UP-TO-DATE
> Task :core:core-data:syncDebugLibJars UP-TO-DATE
> Task :library:lib-syntax:extractDeepLinksForAarDebug UP-TO-DATE
> Task :library:lib-syntax:mergeDebugGeneratedProguardFiles UP-TO-DATE
> Task :core:core-data:bundleDebugAar UP-TO-DATE
> Task :core:core-data:assembleDebug UP-TO-DATE
> Task :library:lib-syntax:mergeDebugConsumerProguardFiles UP-TO-DATE
> Task :library:lib-archive:generateDebugRFile UP-TO-DATE
> Task :library:lib-syntax:prepareLintJarForPublish UP-TO-DATE
> Task :library:lib-syntax:prepareDebugArtProfile UP-TO-DATE
> Task :library:lib-syntax:mergeDebugJavaResource UP-TO-DATE
> Task :library:lib-syntax:syncDebugLibJars UP-TO-DATE
> Task :library:lib-syntax:bundleDebugAar UP-TO-DATE
> Task :library:lib-syntax:assembleDebug UP-TO-DATE
> Task :library:lib-archive:compileDebugKotlin UP-TO-DATE
> Task :app:processDebugResources UP-TO-DATE
> Task :library:lib-archive:processDebugJavaRes UP-TO-DATE
> Task :library:lib-archive:mergeDebugJavaResource UP-TO-DATE
> Task :library:lib-archive:extractDebugAnnotations UP-TO-DATE
> Task :library:lib-archive:compileDebugJavaWithJavac UP-TO-DATE
> Task :library:lib-archive:syncDebugLibJars UP-TO-DATE
> Task :library:lib-archive:mergeDebugGeneratedProguardFiles UP-TO-DATE
> Task :library:lib-archive:mergeDebugConsumerProguardFiles UP-TO-DATE
> Task :library:lib-archive:bundleDebugAar UP-TO-DATE
> Task :library:lib-archive:assembleDebug UP-TO-DATE
> Task :core:core-ui:compileDebugKotlin
> Task :core:core-ui:processDebugJavaRes
> Task :core:core-ui:extractDebugAnnotations
> Task :core:core-ui:mergeDebugJavaResource
> Task :core:core-ui:compileDebugJavaWithJavac UP-TO-DATE
> Task :core:core-ui:mergeDebugGeneratedProguardFiles UP-TO-DATE
> Task :core:core-ui:mergeDebugConsumerProguardFiles UP-TO-DATE
> Task :core:core-ui:bundleLibRuntimeToDirDebug
> Task :core:core-ui:bundleLibRuntimeToJarDebug
> Task :core:core-ui:bundleLibCompileToJarDebug
> Task :core:core-ui:syncDebugLibJars
> Task :feature:feature-player:kspDebugKotlin
> Task :feature:feature-editor:kspDebugKotlin
> Task :feature:feature-player:compileDebugKotlin
> Task :feature:feature-player:compileDebugJavaWithJavac UP-TO-DATE
> Task :feature:feature-player:transformDebugClassesWithAsm
> Task :feature:feature-player:bundleLibCompileToJarDebug UP-TO-DATE
> Task :feature:feature-remote:kspDebugKotlin

> Task :feature:feature-editor:compileDebugKotlin FAILED
.\gradlew : e: file:///C:/Users/guangming/Desktop/catpaw/mt-app/feature/feature-editor/src/main/java/com/appdex/editor/
EditorScreen.kt:133:49 Unresolved reference 'size'.
所在位置 行:1 字符: 157
+ ... sktop\catpaw\mt-app; .\gradlew assembleDebug --no-daemon 2>&1 | Tee-O ...
+                          ~~~~~~~~~~~~~~~~~~~~~~~~~~~~~~~~~~~~~~~~
    + CategoryInfo          : NotSpecified: (e: file:///C:/U...ference 'size'.:String) [], RemoteException
    + FullyQualifiedErrorId : NativeCommandError
 
e: file:///C:/Users/guangming/Desktop/catpaw/mt-app/feature/feature-editor/src/main/java/com/appdex/editor/EditorScreen
.kt:155:45 Unresolved reference 'size'.

> Task :feature:feature-analyzer:kspDebugKotlin
> Task :feature:feature-files:kspDebugKotlin
> Task :feature:feature-terminal:kspDebugKotlin
> Task :feature:feature-settings:kspDebugKotlin
> Task :feature:feature-remote:compileDebugKotlin

FAILURE: Build failed with an exception.

* What went wrong:
Execution failed for task ':feature:feature-editor:compileDebugKotlin'.
> A failure occurred while executing org.jetbrains.kotlin.compilerRunner.GradleCompilerRunnerWithWorkers$GradleKotlinCo
mpilerWorkAction
   > Compilation error. See log for more details

* Try:
> Run with --stacktrace option to get the stack trace.
> Run with --info or --debug option to get more log output.
> Run with --scan to get full insights.
> Get more help at https://help.gradle.org.

BUILD FAILED in 59s
499 actionable tasks: 19 executed, 480 up-to-date
Configuration cache entry reused.
