Reusing configuration cache.
> Task :core:core-arch:preBuild UP-TO-DATE
> Task :app:checkKotlinGradlePluginConfigurationErrors SKIPPED
> Task :app:preBuild UP-TO-DATE
> Task :core:core-arch:preDebugBuild UP-TO-DATE
> Task :app:preDebugBuild UP-TO-DATE
> Task :app:generateDebugBuildConfig UP-TO-DATE
> Task :core:core-arch:writeDebugAarMetadata UP-TO-DATE
> Task :core:core-common:preBuild UP-TO-DATE
> Task :core:core-data:preBuild UP-TO-DATE
> Task :core:core-data:preDebugBuild UP-TO-DATE
> Task :core:core-common:preDebugBuild UP-TO-DATE
> Task :core:core-database:preBuild UP-TO-DATE
> Task :core:core-common:writeDebugAarMetadata UP-TO-DATE
> Task :core:core-database:preDebugBuild UP-TO-DATE
> Task :core:core-model:preBuild UP-TO-DATE
> Task :core:core-plugin:preBuild UP-TO-DATE
> Task :core:core-plugin:preDebugBuild UP-TO-DATE
> Task :core:core-database:writeDebugAarMetadata UP-TO-DATE
> Task :core:core-plugin:writeDebugAarMetadata UP-TO-DATE
> Task :core:core-model:preDebugBuild UP-TO-DATE
> Task :core:core-ui:preBuild UP-TO-DATE
> Task :core:core-ui:preDebugBuild UP-TO-DATE
> Task :core:core-model:writeDebugAarMetadata UP-TO-DATE
> Task :core:core-ui:writeDebugAarMetadata UP-TO-DATE
> Task :feature:feature-analyzer:preBuild UP-TO-DATE
> Task :feature:feature-analyzer:preDebugBuild UP-TO-DATE
> Task :feature:feature-axml:preBuild UP-TO-DATE
> Task :feature:feature-arsc:preBuild UP-TO-DATE
> Task :feature:feature-arsc:preDebugBuild UP-TO-DATE
> Task :feature:feature-analyzer:writeDebugAarMetadata UP-TO-DATE
> Task :feature:feature-arsc:writeDebugAarMetadata UP-TO-DATE
> Task :feature:feature-dex:preBuild UP-TO-DATE
> Task :feature:feature-diff:preBuild UP-TO-DATE
> Task :feature:feature-diff:preDebugBuild UP-TO-DATE
> Task :feature:feature-axml:preDebugBuild UP-TO-DATE
> Task :feature:feature-diff:writeDebugAarMetadata UP-TO-DATE
> Task :feature:feature-editor:preBuild UP-TO-DATE
> Task :feature:feature-editor:preDebugBuild UP-TO-DATE
> Task :feature:feature-editor:writeDebugAarMetadata UP-TO-DATE
> Task :feature:feature-elf:preBuild UP-TO-DATE
> Task :feature:feature-elf:preDebugBuild UP-TO-DATE
> Task :feature:feature-elf:writeDebugAarMetadata UP-TO-DATE
> Task :feature:feature-files:preBuild UP-TO-DATE
> Task :feature:feature-files:preDebugBuild UP-TO-DATE
> Task :feature:feature-files:writeDebugAarMetadata UP-TO-DATE
> Task :feature:feature-hex:preBuild UP-TO-DATE
> Task :feature:feature-hex:preDebugBuild UP-TO-DATE
> Task :feature:feature-hex:writeDebugAarMetadata UP-TO-DATE
> Task :feature:feature-player:preBuild UP-TO-DATE
> Task :feature:feature-player:preDebugBuild UP-TO-DATE
> Task :feature:feature-player:writeDebugAarMetadata UP-TO-DATE
> Task :feature:feature-remote:preBuild UP-TO-DATE
> Task :feature:feature-remote:preDebugBuild UP-TO-DATE
> Task :feature:feature-remote:writeDebugAarMetadata UP-TO-DATE
> Task :feature:feature-repack:preBuild UP-TO-DATE
> Task :feature:feature-repack:preDebugBuild UP-TO-DATE
> Task :feature:feature-repack:writeDebugAarMetadata UP-TO-DATE
> Task :feature:feature-security:preBuild UP-TO-DATE
> Task :feature:feature-security:preDebugBuild UP-TO-DATE
> Task :feature:feature-security:writeDebugAarMetadata UP-TO-DATE
> Task :feature:feature-settings:preBuild UP-TO-DATE
> Task :feature:feature-settings:preDebugBuild UP-TO-DATE
> Task :feature:feature-settings:writeDebugAarMetadata UP-TO-DATE
> Task :feature:feature-signing:preBuild UP-TO-DATE
> Task :feature:feature-signing:preDebugBuild UP-TO-DATE
> Task :feature:feature-signing:writeDebugAarMetadata UP-TO-DATE
> Task :feature:feature-size:preBuild UP-TO-DATE
> Task :feature:feature-size:preDebugBuild UP-TO-DATE
> Task :feature:feature-size:writeDebugAarMetadata UP-TO-DATE
> Task :feature:feature-sqlite:preBuild UP-TO-DATE
> Task :feature:feature-sqlite:preDebugBuild UP-TO-DATE
> Task :feature:feature-sqlite:writeDebugAarMetadata UP-TO-DATE
> Task :feature:feature-terminal:preBuild UP-TO-DATE
> Task :feature:feature-terminal:preDebugBuild UP-TO-DATE
> Task :feature:feature-terminal:writeDebugAarMetadata UP-TO-DATE
> Task :feature:feature-tools:preBuild UP-TO-DATE
> Task :feature:feature-tools:preDebugBuild UP-TO-DATE
> Task :feature:feature-tools:writeDebugAarMetadata UP-TO-DATE
> Task :library:lib-apk:preBuild UP-TO-DATE
> Task :library:lib-apk:preDebugBuild UP-TO-DATE
> Task :library:lib-apk:writeDebugAarMetadata UP-TO-DATE
> Task :library:lib-syntax:preBuild UP-TO-DATE
> Task :library:lib-syntax:preDebugBuild UP-TO-DATE
> Task :library:lib-syntax:writeDebugAarMetadata UP-TO-DATE
> Task :app:generateDebugResValues UP-TO-DATE
> Task :core:core-arch:generateDebugResValues UP-TO-DATE
> Task :core:core-arch:generateDebugResources UP-TO-DATE
> Task :core:core-arch:packageDebugResources UP-TO-DATE
> Task :core:core-common:generateDebugResValues UP-TO-DATE
> Task :core:core-common:generateDebugResources UP-TO-DATE
> Task :core:core-common:packageDebugResources UP-TO-DATE
> Task :core:core-data:generateDebugResValues UP-TO-DATE
> Task :core:core-data:writeDebugAarMetadata UP-TO-DATE
> Task :core:core-database:generateDebugResValues UP-TO-DATE
> Task :core:core-model:generateDebugResValues UP-TO-DATE
> Task :core:core-database:generateDebugResources UP-TO-DATE
> Task :core:core-data:generateDebugResources UP-TO-DATE
> Task :feature:feature-dex:preDebugBuild UP-TO-DATE
> Task :core:core-database:packageDebugResources UP-TO-DATE
> Task :feature:feature-axml:writeDebugAarMetadata UP-TO-DATE
> Task :core:core-data:packageDebugResources UP-TO-DATE
> Task :core:core-ui:generateDebugResValues UP-TO-DATE
> Task :core:core-plugin:generateDebugResValues UP-TO-DATE
> Task :feature:feature-analyzer:generateDebugResValues UP-TO-DATE
> Task :feature:feature-analyzer:generateDebugResources UP-TO-DATE
> Task :core:core-ui:generateDebugResources UP-TO-DATE
> Task :feature:feature-analyzer:packageDebugResources UP-TO-DATE
> Task :core:core-ui:packageDebugResources UP-TO-DATE
> Task :feature:feature-axml:generateDebugResValues UP-TO-DATE
> Task :feature:feature-arsc:generateDebugResValues UP-TO-DATE
> Task :feature:feature-arsc:generateDebugResources UP-TO-DATE
> Task :feature:feature-arsc:packageDebugResources UP-TO-DATE
> Task :feature:feature-dex:generateDebugResValues UP-TO-DATE
> Task :feature:feature-dex:generateDebugResources UP-TO-DATE
> Task :core:core-model:generateDebugResources UP-TO-DATE
> Task :core:core-model:packageDebugResources UP-TO-DATE
> Task :feature:feature-diff:generateDebugResValues UP-TO-DATE
> Task :feature:feature-axml:generateDebugResources UP-TO-DATE
> Task :feature:feature-diff:generateDebugResources UP-TO-DATE
> Task :feature:feature-axml:packageDebugResources UP-TO-DATE
> Task :core:core-plugin:generateDebugResources UP-TO-DATE
> Task :feature:feature-editor:generateDebugResValues UP-TO-DATE
> Task :feature:feature-diff:packageDebugResources UP-TO-DATE
> Task :feature:feature-elf:generateDebugResValues UP-TO-DATE
> Task :feature:feature-editor:generateDebugResources UP-TO-DATE
> Task :feature:feature-elf:generateDebugResources UP-TO-DATE
> Task :feature:feature-editor:packageDebugResources UP-TO-DATE
> Task :feature:feature-files:generateDebugResValues UP-TO-DATE
> Task :feature:feature-elf:packageDebugResources UP-TO-DATE
> Task :feature:feature-files:generateDebugResources UP-TO-DATE
> Task :feature:feature-hex:generateDebugResValues UP-TO-DATE
> Task :feature:feature-hex:generateDebugResources UP-TO-DATE
> Task :core:core-plugin:packageDebugResources UP-TO-DATE
> Task :feature:feature-files:packageDebugResources UP-TO-DATE
> Task :feature:feature-dex:packageDebugResources UP-TO-DATE
> Task :feature:feature-dex:writeDebugAarMetadata UP-TO-DATE
> Task :feature:feature-player:generateDebugResValues UP-TO-DATE
> Task :feature:feature-repack:generateDebugResValues UP-TO-DATE
> Task :feature:feature-repack:generateDebugResources UP-TO-DATE
> Task :app:checkDebugAarMetadata UP-TO-DATE
> Task :feature:feature-hex:packageDebugResources UP-TO-DATE
> Task :feature:feature-settings:generateDebugResValues UP-TO-DATE
> Task :feature:feature-remote:generateDebugResValues UP-TO-DATE
> Task :feature:feature-security:generateDebugResValues UP-TO-DATE
> Task :feature:feature-security:generateDebugResources UP-TO-DATE
> Task :feature:feature-settings:generateDebugResources UP-TO-DATE
> Task :feature:feature-remote:generateDebugResources UP-TO-DATE
> Task :feature:feature-settings:packageDebugResources UP-TO-DATE
> Task :feature:feature-security:packageDebugResources UP-TO-DATE
> Task :feature:feature-signing:generateDebugResValues UP-TO-DATE
> Task :feature:feature-size:generateDebugResValues UP-TO-DATE
> Task :feature:feature-signing:generateDebugResources UP-TO-DATE
> Task :feature:feature-size:generateDebugResources UP-TO-DATE
> Task :feature:feature-size:packageDebugResources UP-TO-DATE
> Task :feature:feature-signing:packageDebugResources UP-TO-DATE
> Task :feature:feature-sqlite:generateDebugResValues UP-TO-DATE
> Task :feature:feature-terminal:generateDebugResValues UP-TO-DATE
> Task :feature:feature-sqlite:generateDebugResources UP-TO-DATE
> Task :feature:feature-terminal:generateDebugResources UP-TO-DATE
> Task :feature:feature-terminal:packageDebugResources UP-TO-DATE
> Task :feature:feature-sqlite:packageDebugResources UP-TO-DATE
> Task :library:lib-apk:generateDebugResValues UP-TO-DATE
> Task :feature:feature-tools:generateDebugResValues UP-TO-DATE
> Task :feature:feature-tools:generateDebugResources UP-TO-DATE
> Task :library:lib-apk:generateDebugResources UP-TO-DATE
> Task :feature:feature-player:generateDebugResources UP-TO-DATE
> Task :feature:feature-tools:packageDebugResources UP-TO-DATE
> Task :library:lib-apk:packageDebugResources UP-TO-DATE
> Task :library:lib-syntax:generateDebugResValues UP-TO-DATE
> Task :library:lib-syntax:generateDebugResources UP-TO-DATE
> Task :feature:feature-player:packageDebugResources UP-TO-DATE
> Task :app:generateDebugResources UP-TO-DATE
> Task :app:packageDebugResources UP-TO-DATE
> Task :library:lib-syntax:packageDebugResources UP-TO-DATE
> Task :app:extractDeepLinksDebug UP-TO-DATE
> Task :app:parseDebugLocalResources UP-TO-DATE
> Task :core:core-arch:extractDeepLinksDebug UP-TO-DATE
> Task :core:core-common:extractDeepLinksDebug UP-TO-DATE
> Task :core:core-arch:processDebugManifest UP-TO-DATE
> Task :core:core-data:extractDeepLinksDebug UP-TO-DATE
> Task :core:core-common:processDebugManifest UP-TO-DATE
> Task :core:core-database:extractDeepLinksDebug UP-TO-DATE
> Task :core:core-data:processDebugManifest UP-TO-DATE
> Task :core:core-model:extractDeepLinksDebug UP-TO-DATE
> Task :core:core-database:processDebugManifest UP-TO-DATE
> Task :core:core-plugin:extractDeepLinksDebug UP-TO-DATE
> Task :core:core-model:processDebugManifest UP-TO-DATE
> Task :core:core-ui:extractDeepLinksDebug UP-TO-DATE
> Task :core:core-plugin:processDebugManifest UP-TO-DATE
> Task :feature:feature-analyzer:extractDeepLinksDebug UP-TO-DATE
> Task :core:core-ui:processDebugManifest UP-TO-DATE
> Task :feature:feature-arsc:extractDeepLinksDebug UP-TO-DATE
> Task :feature:feature-analyzer:processDebugManifest UP-TO-DATE
> Task :feature:feature-axml:extractDeepLinksDebug UP-TO-DATE
> Task :feature:feature-arsc:processDebugManifest UP-TO-DATE
> Task :feature:feature-dex:extractDeepLinksDebug UP-TO-DATE
> Task :feature:feature-axml:processDebugManifest UP-TO-DATE
> Task :feature:feature-dex:processDebugManifest UP-TO-DATE
> Task :feature:feature-diff:extractDeepLinksDebug UP-TO-DATE
> Task :feature:feature-editor:extractDeepLinksDebug UP-TO-DATE
> Task :feature:feature-remote:packageDebugResources UP-TO-DATE
> Task :feature:feature-diff:processDebugManifest UP-TO-DATE
> Task :feature:feature-editor:processDebugManifest UP-TO-DATE
> Task :feature:feature-elf:extractDeepLinksDebug UP-TO-DATE
> Task :feature:feature-files:extractDeepLinksDebug UP-TO-DATE
> Task :app:createDebugCompatibleScreenManifests UP-TO-DATE
> Task :feature:feature-elf:processDebugManifest UP-TO-DATE
> Task :feature:feature-repack:packageDebugResources UP-TO-DATE
> Task :feature:feature-hex:processDebugManifest UP-TO-DATE
> Task :feature:feature-files:processDebugManifest UP-TO-DATE
> Task :feature:feature-player:extractDeepLinksDebug UP-TO-DATE
> Task :feature:feature-remote:extractDeepLinksDebug UP-TO-DATE
> Task :feature:feature-player:processDebugManifest UP-TO-DATE
> Task :feature:feature-repack:extractDeepLinksDebug UP-TO-DATE
> Task :feature:feature-remote:processDebugManifest UP-TO-DATE
> Task :feature:feature-security:extractDeepLinksDebug UP-TO-DATE
> Task :feature:feature-repack:processDebugManifest UP-TO-DATE
> Task :feature:feature-settings:extractDeepLinksDebug UP-TO-DATE
> Task :feature:feature-security:processDebugManifest UP-TO-DATE
> Task :feature:feature-signing:extractDeepLinksDebug UP-TO-DATE
> Task :feature:feature-settings:processDebugManifest UP-TO-DATE
> Task :feature:feature-hex:extractDeepLinksDebug UP-TO-DATE
> Task :feature:feature-size:extractDeepLinksDebug UP-TO-DATE
> Task :feature:feature-signing:processDebugManifest UP-TO-DATE
> Task :feature:feature-sqlite:extractDeepLinksDebug UP-TO-DATE
> Task :feature:feature-sqlite:processDebugManifest UP-TO-DATE
> Task :feature:feature-terminal:extractDeepLinksDebug UP-TO-DATE
> Task :feature:feature-terminal:processDebugManifest UP-TO-DATE
> Task :feature:feature-tools:extractDeepLinksDebug UP-TO-DATE
> Task :library:lib-apk:extractDeepLinksDebug UP-TO-DATE
> Task :feature:feature-tools:processDebugManifest UP-TO-DATE
> Task :library:lib-syntax:extractDeepLinksDebug UP-TO-DATE
> Task :library:lib-apk:processDebugManifest UP-TO-DATE
> Task :library:lib-syntax:processDebugManifest UP-TO-DATE
> Task :core:core-arch:compileDebugLibraryResources UP-TO-DATE
> Task :core:core-common:compileDebugLibraryResources UP-TO-DATE
> Task :core:core-arch:parseDebugLocalResources UP-TO-DATE
> Task :core:core-common:parseDebugLocalResources UP-TO-DATE
> Task :core:core-arch:generateDebugRFile UP-TO-DATE
> Task :core:core-common:generateDebugRFile UP-TO-DATE
> Task :core:core-data:compileDebugLibraryResources UP-TO-DATE
> Task :core:core-data:parseDebugLocalResources UP-TO-DATE
> Task :core:core-database:compileDebugLibraryResources UP-TO-DATE
> Task :core:core-data:generateDebugRFile UP-TO-DATE
> Task :core:core-database:parseDebugLocalResources UP-TO-DATE
> Task :core:core-model:compileDebugLibraryResources UP-TO-DATE
> Task :core:core-database:generateDebugRFile UP-TO-DATE
> Task :core:core-model:parseDebugLocalResources UP-TO-DATE
> Task :core:core-plugin:compileDebugLibraryResources UP-TO-DATE
> Task :core:core-plugin:parseDebugLocalResources UP-TO-DATE
> Task :core:core-model:generateDebugRFile UP-TO-DATE
> Task :core:core-ui:compileDebugLibraryResources UP-TO-DATE
> Task :core:core-ui:parseDebugLocalResources UP-TO-DATE
> Task :core:core-plugin:generateDebugRFile UP-TO-DATE
> Task :feature:feature-size:processDebugManifest UP-TO-DATE
> Task :feature:feature-analyzer:compileDebugLibraryResources UP-TO-DATE
> Task :feature:feature-analyzer:parseDebugLocalResources UP-TO-DATE
> Task :core:core-ui:generateDebugRFile UP-TO-DATE
> Task :feature:feature-arsc:compileDebugLibraryResources UP-TO-DATE
> Task :feature:feature-analyzer:generateDebugRFile UP-TO-DATE
> Task :feature:feature-axml:compileDebugLibraryResources UP-TO-DATE
> Task :feature:feature-arsc:parseDebugLocalResources UP-TO-DATE
> Task :feature:feature-axml:parseDebugLocalResources UP-TO-DATE
> Task :feature:feature-arsc:generateDebugRFile UP-TO-DATE
> Task :feature:feature-axml:generateDebugRFile UP-TO-DATE
> Task :feature:feature-dex:compileDebugLibraryResources UP-TO-DATE
> Task :feature:feature-dex:parseDebugLocalResources UP-TO-DATE
> Task :feature:feature-diff:compileDebugLibraryResources UP-TO-DATE
> Task :feature:feature-diff:parseDebugLocalResources UP-TO-DATE
> Task :feature:feature-dex:generateDebugRFile UP-TO-DATE
> Task :feature:feature-diff:generateDebugRFile UP-TO-DATE
> Task :feature:feature-editor:compileDebugLibraryResources UP-TO-DATE
> Task :feature:feature-editor:parseDebugLocalResources UP-TO-DATE
> Task :feature:feature-elf:compileDebugLibraryResources UP-TO-DATE
> Task :feature:feature-elf:parseDebugLocalResources UP-TO-DATE
> Task :feature:feature-editor:generateDebugRFile UP-TO-DATE
> Task :feature:feature-files:compileDebugLibraryResources UP-TO-DATE
> Task :feature:feature-elf:generateDebugRFile UP-TO-DATE
> Task :feature:feature-files:parseDebugLocalResources UP-TO-DATE
> Task :feature:feature-hex:compileDebugLibraryResources UP-TO-DATE
> Task :feature:feature-files:generateDebugRFile UP-TO-DATE
> Task :feature:feature-hex:parseDebugLocalResources UP-TO-DATE
> Task :feature:feature-player:compileDebugLibraryResources UP-TO-DATE
> Task :feature:feature-player:parseDebugLocalResources UP-TO-DATE
> Task :feature:feature-hex:generateDebugRFile UP-TO-DATE
> Task :feature:feature-remote:compileDebugLibraryResources UP-TO-DATE
> Task :feature:feature-player:generateDebugRFile UP-TO-DATE
> Task :feature:feature-repack:compileDebugLibraryResources UP-TO-DATE
> Task :feature:feature-remote:parseDebugLocalResources UP-TO-DATE
> Task :feature:feature-repack:parseDebugLocalResources UP-TO-DATE
> Task :feature:feature-remote:generateDebugRFile UP-TO-DATE
> Task :feature:feature-security:compileDebugLibraryResources UP-TO-DATE
> Task :feature:feature-repack:generateDebugRFile UP-TO-DATE
> Task :feature:feature-security:parseDebugLocalResources UP-TO-DATE
> Task :feature:feature-settings:compileDebugLibraryResources UP-TO-DATE
> Task :feature:feature-security:generateDebugRFile UP-TO-DATE
> Task :feature:feature-settings:parseDebugLocalResources UP-TO-DATE
> Task :feature:feature-signing:compileDebugLibraryResources UP-TO-DATE
> Task :feature:feature-signing:parseDebugLocalResources UP-TO-DATE
> Task :feature:feature-settings:generateDebugRFile UP-TO-DATE
> Task :feature:feature-size:compileDebugLibraryResources UP-TO-DATE
> Task :feature:feature-signing:generateDebugRFile UP-TO-DATE
> Task :feature:feature-size:parseDebugLocalResources UP-TO-DATE
> Task :feature:feature-sqlite:compileDebugLibraryResources UP-TO-DATE
> Task :feature:feature-size:generateDebugRFile UP-TO-DATE
> Task :feature:feature-sqlite:parseDebugLocalResources UP-TO-DATE
> Task :feature:feature-terminal:compileDebugLibraryResources UP-TO-DATE
> Task :feature:feature-terminal:parseDebugLocalResources UP-TO-DATE
> Task :feature:feature-sqlite:generateDebugRFile UP-TO-DATE
> Task :feature:feature-tools:compileDebugLibraryResources UP-TO-DATE
> Task :feature:feature-terminal:generateDebugRFile UP-TO-DATE
> Task :library:lib-apk:compileDebugLibraryResources UP-TO-DATE
> Task :feature:feature-tools:parseDebugLocalResources UP-TO-DATE
> Task :library:lib-apk:parseDebugLocalResources UP-TO-DATE
> Task :feature:feature-tools:generateDebugRFile UP-TO-DATE
> Task :library:lib-syntax:compileDebugLibraryResources UP-TO-DATE
> Task :library:lib-apk:generateDebugRFile UP-TO-DATE
> Task :library:lib-syntax:parseDebugLocalResources UP-TO-DATE
> Task :core:core-arch:checkKotlinGradlePluginConfigurationErrors SKIPPED
> Task :core:core-arch:generateDebugBuildConfig UP-TO-DATE
> Task :library:lib-syntax:generateDebugRFile UP-TO-DATE
> Task :core:core-arch:javaPreCompileDebug UP-TO-DATE
> Task :core:core-common:checkKotlinGradlePluginConfigurationErrors SKIPPED
> Task :core:core-common:generateDebugBuildConfig UP-TO-DATE
> Task :app:mapDebugSourceSetPaths UP-TO-DATE
> Task :core:core-common:compileDebugKotlin UP-TO-DATE
> Task :core:core-arch:compileDebugKotlin UP-TO-DATE
> Task :core:core-data:checkKotlinGradlePluginConfigurationErrors SKIPPED
> Task :core:core-data:generateDebugBuildConfig UP-TO-DATE
> Task :core:core-database:checkKotlinGradlePluginConfigurationErrors SKIPPED
> Task :core:core-database:generateDebugBuildConfig UP-TO-DATE
> Task :core:core-arch:compileDebugJavaWithJavac UP-TO-DATE
> Task :core:core-model:checkKotlinGradlePluginConfigurationErrors SKIPPED
> Task :core:core-model:generateDebugBuildConfig UP-TO-DATE
> Task :core:core-arch:bundleLibCompileToJarDebug UP-TO-DATE
> Task :core:core-model:javaPreCompileDebug UP-TO-DATE
> Task :core:core-database:javaPreCompileDebug UP-TO-DATE
> Task :library:lib-apk:checkKotlinGradlePluginConfigurationErrors SKIPPED
> Task :library:lib-apk:generateDebugBuildConfig UP-TO-DATE
> Task :core:core-model:compileDebugKotlin UP-TO-DATE
> Task :core:core-model:compileDebugJavaWithJavac UP-TO-DATE
> Task :library:lib-apk:compileDebugKotlin UP-TO-DATE
> Task :core:core-model:bundleLibCompileToJarDebug UP-TO-DATE
> Task :core:core-model:bundleLibRuntimeToJarDebug UP-TO-DATE
> Task :library:lib-apk:javaPreCompileDebug UP-TO-DATE
> Task :library:lib-apk:compileDebugJavaWithJavac UP-TO-DATE
> Task :library:lib-apk:bundleLibCompileToJarDebug UP-TO-DATE
> Task :core:core-data:javaPreCompileDebug UP-TO-DATE
> Task :library:lib-apk:bundleLibRuntimeToJarDebug UP-TO-DATE
> Task :core:core-plugin:checkKotlinGradlePluginConfigurationErrors SKIPPED
> Task :core:core-plugin:generateDebugBuildConfig UP-TO-DATE
> Task :core:core-common:javaPreCompileDebug UP-TO-DATE
> Task :core:core-plugin:compileDebugKotlin UP-TO-DATE
> Task :core:core-plugin:javaPreCompileDebug UP-TO-DATE
> Task :core:core-plugin:compileDebugJavaWithJavac UP-TO-DATE
> Task :core:core-plugin:bundleLibCompileToJarDebug UP-TO-DATE
> Task :core:core-ui:checkKotlinGradlePluginConfigurationErrors SKIPPED
> Task :core:core-ui:generateDebugBuildConfig UP-TO-DATE
> Task :core:core-ui:javaPreCompileDebug UP-TO-DATE
> Task :core:core-database:kspDebugKotlin UP-TO-DATE
> Task :core:core-arch:bundleLibRuntimeToJarDebug UP-TO-DATE
> Task :feature:feature-analyzer:checkKotlinGradlePluginConfigurationErrors SKIPPED
> Task :feature:feature-analyzer:generateDebugBuildConfig UP-TO-DATE
> Task :feature:feature-analyzer:javaPreCompileDebug UP-TO-DATE
> Task :feature:feature-arsc:checkKotlinGradlePluginConfigurationErrors SKIPPED
> Task :feature:feature-arsc:generateDebugBuildConfig UP-TO-DATE
> Task :app:mergeDebugNativeDebugMetadata NO-SOURCE
> Task :feature:feature-axml:checkKotlinGradlePluginConfigurationErrors SKIPPED
> Task :feature:feature-arsc:javaPreCompileDebug UP-TO-DATE
> Task :feature:feature-axml:generateDebugBuildConfig UP-TO-DATE
> Task :feature:feature-dex:checkKotlinGradlePluginConfigurationErrors SKIPPED
> Task :app:mergeDebugResources UP-TO-DATE
> Task :feature:feature-dex:generateDebugBuildConfig UP-TO-DATE
> Task :feature:feature-diff:checkKotlinGradlePluginConfigurationErrors SKIPPED
> Task :feature:feature-axml:javaPreCompileDebug UP-TO-DATE
> Task :feature:feature-diff:javaPreCompileDebug UP-TO-DATE
> Task :feature:feature-editor:checkKotlinGradlePluginConfigurationErrors SKIPPED
> Task :feature:feature-editor:generateDebugBuildConfig UP-TO-DATE
> Task :library:lib-syntax:checkKotlinGradlePluginConfigurationErrors SKIPPED
> Task :core:core-common:compileDebugJavaWithJavac UP-TO-DATE
> Task :feature:feature-diff:generateDebugBuildConfig UP-TO-DATE
> Task :core:core-common:bundleLibRuntimeToJarDebug UP-TO-DATE
> Task :core:core-database:compileDebugKotlin UP-TO-DATE
> Task :app:processDebugMainManifest UP-TO-DATE
> Task :library:lib-syntax:generateDebugBuildConfig UP-TO-DATE
> Task :app:processDebugManifest UP-TO-DATE
> Task :library:lib-syntax:javaPreCompileDebug UP-TO-DATE
> Task :feature:feature-elf:checkKotlinGradlePluginConfigurationErrors SKIPPED
> Task :feature:feature-editor:javaPreCompileDebug UP-TO-DATE
> Task :feature:feature-elf:generateDebugBuildConfig UP-TO-DATE
> Task :feature:feature-elf:javaPreCompileDebug UP-TO-DATE
> Task :feature:feature-files:checkKotlinGradlePluginConfigurationErrors SKIPPED
> Task :feature:feature-files:generateDebugBuildConfig UP-TO-DATE
> Task :feature:feature-hex:checkKotlinGradlePluginConfigurationErrors SKIPPED
> Task :feature:feature-files:javaPreCompileDebug UP-TO-DATE
> Task :feature:feature-hex:generateDebugBuildConfig UP-TO-DATE
> Task :feature:feature-player:checkKotlinGradlePluginConfigurationErrors SKIPPED
> Task :feature:feature-hex:javaPreCompileDebug UP-TO-DATE
> Task :core:core-database:compileDebugJavaWithJavac UP-TO-DATE
> Task :core:core-database:copyRoomSchemas NO-SOURCE
> Task :feature:feature-player:javaPreCompileDebug UP-TO-DATE
> Task :feature:feature-player:generateDebugBuildConfig UP-TO-DATE
> Task :feature:feature-remote:checkKotlinGradlePluginConfigurationErrors SKIPPED
> Task :feature:feature-remote:generateDebugBuildConfig UP-TO-DATE
> Task :feature:feature-remote:javaPreCompileDebug UP-TO-DATE
> Task :feature:feature-repack:checkKotlinGradlePluginConfigurationErrors SKIPPED
> Task :feature:feature-signing:checkKotlinGradlePluginConfigurationErrors SKIPPED
> Task :feature:feature-signing:generateDebugBuildConfig UP-TO-DATE
> Task :feature:feature-repack:generateDebugBuildConfig UP-TO-DATE
> Task :feature:feature-dex:javaPreCompileDebug UP-TO-DATE
> Task :feature:feature-security:checkKotlinGradlePluginConfigurationErrors SKIPPED
> Task :feature:feature-repack:javaPreCompileDebug UP-TO-DATE
> Task :feature:feature-signing:javaPreCompileDebug UP-TO-DATE
> Task :core:core-common:bundleLibCompileToJarDebug UP-TO-DATE
> Task :feature:feature-settings:checkKotlinGradlePluginConfigurationErrors SKIPPED
> Task :feature:feature-security:javaPreCompileDebug UP-TO-DATE
> Task :app:processDebugManifestForPackage UP-TO-DATE
> Task :feature:feature-size:checkKotlinGradlePluginConfigurationErrors SKIPPED
> Task :feature:feature-size:generateDebugBuildConfig UP-TO-DATE
> Task :feature:feature-size:javaPreCompileDebug UP-TO-DATE
> Task :feature:feature-settings:javaPreCompileDebug UP-TO-DATE
> Task :feature:feature-sqlite:checkKotlinGradlePluginConfigurationErrors SKIPPED
> Task :feature:feature-sqlite:generateDebugBuildConfig UP-TO-DATE
> Task :feature:feature-terminal:checkKotlinGradlePluginConfigurationErrors SKIPPED
> Task :core:core-database:transformDebugClassesWithAsm UP-TO-DATE
> Task :feature:feature-sqlite:javaPreCompileDebug UP-TO-DATE
> Task :core:core-database:bundleLibRuntimeToJarDebug UP-TO-DATE
> Task :core:core-database:bundleLibCompileToJarDebug UP-TO-DATE
> Task :feature:feature-settings:generateDebugBuildConfig UP-TO-DATE
> Task :feature:feature-terminal:generateDebugBuildConfig UP-TO-DATE
> Task :feature:feature-tools:checkKotlinGradlePluginConfigurationErrors SKIPPED
> Task :feature:feature-security:generateDebugBuildConfig UP-TO-DATE
> Task :feature:feature-tools:generateDebugBuildConfig UP-TO-DATE
> Task :feature:feature-terminal:javaPreCompileDebug UP-TO-DATE
> Task :core:core-plugin:bundleLibRuntimeToJarDebug UP-TO-DATE
> Task :feature:feature-tools:javaPreCompileDebug UP-TO-DATE
> Task :core:core-data:kspDebugKotlin UP-TO-DATE
> Task :core:core-data:compileDebugKotlin UP-TO-DATE
> Task :core:core-data:compileDebugJavaWithJavac UP-TO-DATE
> Task :app:mergeDebugShaders UP-TO-DATE
> Task :core:core-data:transformDebugClassesWithAsm UP-TO-DATE
> Task :core:core-arch:mergeDebugShaders UP-TO-DATE
> Task :app:javaPreCompileDebug UP-TO-DATE
> Task :core:core-common:mergeDebugShaders UP-TO-DATE
> Task :core:core-data:bundleLibCompileToJarDebug UP-TO-DATE
> Task :app:compileDebugShaders NO-SOURCE
> Task :app:generateDebugAssets UP-TO-DATE
> Task :core:core-arch:compileDebugShaders NO-SOURCE
> Task :core:core-arch:generateDebugAssets UP-TO-DATE
> Task :core:core-common:compileDebugShaders NO-SOURCE
> Task :core:core-common:generateDebugAssets UP-TO-DATE
> Task :core:core-data:mergeDebugShaders UP-TO-DATE
> Task :core:core-data:compileDebugShaders NO-SOURCE
> Task :core:core-data:generateDebugAssets UP-TO-DATE
> Task :core:core-arch:packageDebugAssets UP-TO-DATE
> Task :core:core-ui:compileDebugKotlin UP-TO-DATE
> Task :core:core-data:bundleLibRuntimeToJarDebug UP-TO-DATE
> Task :core:core-ui:compileDebugJavaWithJavac UP-TO-DATE
> Task :core:core-ui:bundleLibCompileToJarDebug UP-TO-DATE
> Task :core:core-ui:bundleLibRuntimeToJarDebug UP-TO-DATE
> Task :app:processDebugResources UP-TO-DATE
> Task :core:core-data:packageDebugAssets UP-TO-DATE
> Task :core:core-database:mergeDebugShaders UP-TO-DATE
> Task :core:core-common:packageDebugAssets UP-TO-DATE
> Task :feature:feature-analyzer:kspDebugKotlin UP-TO-DATE
> Task :feature:feature-analyzer:compileDebugKotlin UP-TO-DATE
> Task :feature:feature-dex:kspDebugKotlin UP-TO-DATE
> Task :feature:feature-diff:kspDebugKotlin UP-TO-DATE
> Task :feature:feature-analyzer:compileDebugJavaWithJavac UP-TO-DATE
> Task :feature:feature-analyzer:transformDebugClassesWithAsm UP-TO-DATE
> Task :feature:feature-diff:compileDebugKotlin UP-TO-DATE
> Task :feature:feature-dex:compileDebugKotlin UP-TO-DATE
> Task :feature:feature-analyzer:bundleLibCompileToJarDebug UP-TO-DATE
> Task :feature:feature-diff:compileDebugJavaWithJavac UP-TO-DATE
> Task :feature:feature-dex:compileDebugJavaWithJavac UP-TO-DATE
> Task :library:lib-syntax:compileDebugKotlin UP-TO-DATE
> Task :feature:feature-diff:transformDebugClassesWithAsm UP-TO-DATE
> Task :feature:feature-diff:bundleLibCompileToJarDebug UP-TO-DATE
> Task :feature:feature-dex:transformDebugClassesWithAsm UP-TO-DATE
> Task :feature:feature-dex:bundleLibCompileToJarDebug UP-TO-DATE
> Task :library:lib-syntax:compileDebugJavaWithJavac UP-TO-DATE
> Task :feature:feature-elf:kspDebugKotlin UP-TO-DATE
> Task :library:lib-syntax:bundleLibRuntimeToJarDebug UP-TO-DATE
> Task :library:lib-syntax:bundleLibCompileToJarDebug UP-TO-DATE
> Task :feature:feature-elf:compileDebugKotlin UP-TO-DATE
> Task :feature:feature-hex:kspDebugKotlin UP-TO-DATE
> Task :feature:feature-files:kspDebugKotlin UP-TO-DATE
> Task :feature:feature-elf:compileDebugJavaWithJavac UP-TO-DATE
> Task :feature:feature-files:compileDebugKotlin UP-TO-DATE
> Task :feature:feature-elf:transformDebugClassesWithAsm UP-TO-DATE
> Task :feature:feature-hex:compileDebugKotlin UP-TO-DATE
> Task :feature:feature-elf:bundleLibCompileToJarDebug UP-TO-DATE
> Task :feature:feature-files:compileDebugJavaWithJavac UP-TO-DATE
> Task :feature:feature-hex:compileDebugJavaWithJavac UP-TO-DATE
> Task :feature:feature-files:transformDebugClassesWithAsm UP-TO-DATE
> Task :feature:feature-hex:transformDebugClassesWithAsm UP-TO-DATE
> Task :feature:feature-files:bundleLibCompileToJarDebug UP-TO-DATE
> Task :feature:feature-hex:bundleLibCompileToJarDebug UP-TO-DATE
> Task :feature:feature-arsc:kspDebugKotlin UP-TO-DATE
> Task :feature:feature-remote:kspDebugKotlin UP-TO-DATE
> Task :feature:feature-player:kspDebugKotlin UP-TO-DATE
> Task :feature:feature-signing:kspDebugKotlin UP-TO-DATE
> Task :feature:feature-remote:compileDebugKotlin UP-TO-DATE
> Task :feature:feature-player:compileDebugKotlin UP-TO-DATE
> Task :feature:feature-arsc:compileDebugKotlin UP-TO-DATE
> Task :feature:feature-player:compileDebugJavaWithJavac UP-TO-DATE
> Task :feature:feature-remote:compileDebugJavaWithJavac UP-TO-DATE
> Task :feature:feature-arsc:compileDebugJavaWithJavac UP-TO-DATE
> Task :feature:feature-remote:transformDebugClassesWithAsm UP-TO-DATE
> Task :feature:feature-player:transformDebugClassesWithAsm UP-TO-DATE
> Task :feature:feature-remote:bundleLibCompileToJarDebug UP-TO-DATE
> Task :feature:feature-player:bundleLibCompileToJarDebug UP-TO-DATE
> Task :feature:feature-arsc:transformDebugClassesWithAsm UP-TO-DATE
> Task :feature:feature-arsc:bundleLibCompileToJarDebug UP-TO-DATE
> Task :feature:feature-security:kspDebugKotlin UP-TO-DATE
> Task :feature:feature-settings:kspDebugKotlin UP-TO-DATE
> Task :feature:feature-size:kspDebugKotlin UP-TO-DATE
> Task :feature:feature-security:compileDebugKotlin UP-TO-DATE
> Task :feature:feature-security:compileDebugJavaWithJavac UP-TO-DATE
> Task :feature:feature-settings:compileDebugKotlin UP-TO-DATE
> Task :feature:feature-settings:compileDebugJavaWithJavac UP-TO-DATE
> Task :feature:feature-size:compileDebugKotlin UP-TO-DATE
> Task :feature:feature-security:transformDebugClassesWithAsm UP-TO-DATE
> Task :feature:feature-security:bundleLibCompileToJarDebug UP-TO-DATE
> Task :feature:feature-size:compileDebugJavaWithJavac UP-TO-DATE
> Task :feature:feature-settings:transformDebugClassesWithAsm UP-TO-DATE
> Task :feature:feature-settings:bundleLibCompileToJarDebug UP-TO-DATE
> Task :feature:feature-size:transformDebugClassesWithAsm UP-TO-DATE
> Task :feature:feature-size:bundleLibCompileToJarDebug UP-TO-DATE
> Task :feature:feature-sqlite:kspDebugKotlin UP-TO-DATE
> Task :feature:feature-terminal:kspDebugKotlin UP-TO-DATE
> Task :feature:feature-tools:kspDebugKotlin UP-TO-DATE
> Task :feature:feature-sqlite:compileDebugKotlin UP-TO-DATE
> Task :feature:feature-terminal:compileDebugKotlin UP-TO-DATE
> Task :feature:feature-sqlite:compileDebugJavaWithJavac UP-TO-DATE
> Task :feature:feature-tools:compileDebugKotlin UP-TO-DATE
> Task :feature:feature-axml:kspDebugKotlin UP-TO-DATE
> Task :feature:feature-terminal:compileDebugJavaWithJavac UP-TO-DATE
> Task :feature:feature-sqlite:transformDebugClassesWithAsm UP-TO-DATE
> Task :feature:feature-tools:compileDebugJavaWithJavac UP-TO-DATE
> Task :feature:feature-terminal:transformDebugClassesWithAsm UP-TO-DATE
> Task :feature:feature-sqlite:bundleLibCompileToJarDebug UP-TO-DATE
> Task :feature:feature-terminal:bundleLibCompileToJarDebug UP-TO-DATE
> Task :feature:feature-tools:transformDebugClassesWithAsm UP-TO-DATE
> Task :feature:feature-signing:compileDebugKotlin UP-TO-DATE
> Task :feature:feature-tools:bundleLibCompileToJarDebug UP-TO-DATE
> Task :feature:feature-signing:compileDebugJavaWithJavac UP-TO-DATE
> Task :feature:feature-editor:kspDebugKotlin UP-TO-DATE
> Task :feature:feature-signing:transformDebugClassesWithAsm UP-TO-DATE
> Task :feature:feature-signing:bundleLibCompileToJarDebug UP-TO-DATE
> Task :core:core-database:compileDebugShaders NO-SOURCE
> Task :feature:feature-signing:bundleLibRuntimeToJarDebug UP-TO-DATE
> Task :core:core-model:mergeDebugShaders UP-TO-DATE
> Task :core:core-plugin:mergeDebugShaders UP-TO-DATE
> Task :core:core-database:generateDebugAssets UP-TO-DATE
> Task :core:core-model:compileDebugShaders NO-SOURCE
> Task :core:core-model:generateDebugAssets UP-TO-DATE
> Task :core:core-plugin:compileDebugShaders NO-SOURCE
> Task :core:core-plugin:generateDebugAssets UP-TO-DATE
> Task :core:core-database:packageDebugAssets UP-TO-DATE
> Task :core:core-model:packageDebugAssets UP-TO-DATE
> Task :core:core-plugin:packageDebugAssets UP-TO-DATE
> Task :feature:feature-analyzer:mergeDebugShaders UP-TO-DATE
> Task :core:core-ui:mergeDebugShaders UP-TO-DATE
> Task :core:core-ui:compileDebugShaders NO-SOURCE
> Task :feature:feature-analyzer:compileDebugShaders NO-SOURCE
> Task :core:core-ui:generateDebugAssets UP-TO-DATE
> Task :feature:feature-analyzer:generateDebugAssets UP-TO-DATE
> Task :feature:feature-arsc:mergeDebugShaders UP-TO-DATE
> Task :feature:feature-arsc:compileDebugShaders NO-SOURCE
> Task :feature:feature-arsc:generateDebugAssets UP-TO-DATE
> Task :feature:feature-analyzer:packageDebugAssets UP-TO-DATE
> Task :feature:feature-arsc:packageDebugAssets UP-TO-DATE
> Task :core:core-ui:packageDebugAssets UP-TO-DATE
> Task :feature:feature-dex:mergeDebugShaders UP-TO-DATE
> Task :feature:feature-axml:compileDebugKotlin UP-TO-DATE
> Task :feature:feature-axml:compileDebugJavaWithJavac UP-TO-DATE
> Task :feature:feature-diff:mergeDebugShaders UP-TO-DATE
> Task :feature:feature-axml:mergeDebugShaders UP-TO-DATE
> Task :feature:feature-editor:compileDebugKotlin UP-TO-DATE
> Task :feature:feature-dex:compileDebugShaders NO-SOURCE
> Task :feature:feature-dex:generateDebugAssets UP-TO-DATE
> Task :feature:feature-axml:compileDebugShaders NO-SOURCE
> Task :feature:feature-axml:generateDebugAssets UP-TO-DATE
> Task :feature:feature-diff:compileDebugShaders NO-SOURCE
> Task :feature:feature-diff:generateDebugAssets UP-TO-DATE
> Task :feature:feature-dex:packageDebugAssets UP-TO-DATE
> Task :feature:feature-axml:packageDebugAssets UP-TO-DATE
> Task :feature:feature-diff:packageDebugAssets UP-TO-DATE
> Task :feature:feature-elf:mergeDebugShaders UP-TO-DATE
> Task :feature:feature-files:mergeDebugShaders UP-TO-DATE
> Task :feature:feature-editor:compileDebugJavaWithJavac UP-TO-DATE
> Task :feature:feature-axml:transformDebugClassesWithAsm UP-TO-DATE
> Task :feature:feature-editor:mergeDebugShaders UP-TO-DATE
> Task :feature:feature-editor:compileDebugShaders NO-SOURCE
> Task :feature:feature-elf:compileDebugShaders NO-SOURCE
> Task :feature:feature-editor:generateDebugAssets UP-TO-DATE
> Task :feature:feature-elf:generateDebugAssets UP-TO-DATE
> Task :feature:feature-files:compileDebugShaders NO-SOURCE
> Task :feature:feature-files:generateDebugAssets UP-TO-DATE
> Task :feature:feature-editor:packageDebugAssets UP-TO-DATE
> Task :feature:feature-elf:packageDebugAssets UP-TO-DATE
> Task :feature:feature-files:packageDebugAssets UP-TO-DATE
> Task :feature:feature-axml:bundleLibCompileToJarDebug UP-TO-DATE
> Task :feature:feature-hex:mergeDebugShaders UP-TO-DATE
> Task :feature:feature-editor:transformDebugClassesWithAsm UP-TO-DATE
> Task :feature:feature-player:mergeDebugShaders UP-TO-DATE
> Task :feature:feature-remote:mergeDebugShaders UP-TO-DATE
> Task :feature:feature-hex:compileDebugShaders NO-SOURCE
> Task :feature:feature-hex:generateDebugAssets UP-TO-DATE
> Task :feature:feature-player:compileDebugShaders NO-SOURCE
> Task :feature:feature-player:generateDebugAssets UP-TO-DATE
> Task :feature:feature-repack:mergeDebugShaders UP-TO-DATE
> Task :feature:feature-editor:bundleLibCompileToJarDebug UP-TO-DATE
> Task :feature:feature-repack:kspDebugKotlin UP-TO-DATE
> Task :feature:feature-hex:packageDebugAssets UP-TO-DATE
> Task :feature:feature-player:packageDebugAssets UP-TO-DATE
> Task :feature:feature-remote:compileDebugShaders NO-SOURCE
> Task :feature:feature-remote:generateDebugAssets UP-TO-DATE
> Task :feature:feature-security:mergeDebugShaders UP-TO-DATE
> Task :feature:feature-settings:mergeDebugShaders UP-TO-DATE
> Task :feature:feature-repack:compileDebugKotlin UP-TO-DATE
> Task :feature:feature-remote:packageDebugAssets UP-TO-DATE
> Task :feature:feature-signing:mergeDebugShaders UP-TO-DATE
> Task :feature:feature-repack:compileDebugShaders NO-SOURCE
> Task :feature:feature-repack:generateDebugAssets UP-TO-DATE
> Task :feature:feature-security:compileDebugShaders NO-SOURCE
> Task :feature:feature-security:generateDebugAssets UP-TO-DATE
> Task :feature:feature-settings:compileDebugShaders NO-SOURCE
> Task :feature:feature-signing:compileDebugShaders NO-SOURCE
> Task :feature:feature-signing:generateDebugAssets UP-TO-DATE
> Task :feature:feature-settings:generateDebugAssets UP-TO-DATE
> Task :feature:feature-size:mergeDebugShaders UP-TO-DATE
> Task :feature:feature-settings:packageDebugAssets UP-TO-DATE
> Task :feature:feature-size:compileDebugShaders NO-SOURCE
> Task :feature:feature-size:generateDebugAssets UP-TO-DATE
> Task :feature:feature-signing:packageDebugAssets UP-TO-DATE
> Task :feature:feature-repack:compileDebugJavaWithJavac UP-TO-DATE
> Task :feature:feature-repack:packageDebugAssets UP-TO-DATE
> Task :feature:feature-security:packageDebugAssets UP-TO-DATE
> Task :feature:feature-sqlite:mergeDebugShaders UP-TO-DATE
> Task :feature:feature-repack:transformDebugClassesWithAsm UP-TO-DATE
> Task :feature:feature-size:packageDebugAssets UP-TO-DATE
> Task :feature:feature-terminal:mergeDebugShaders UP-TO-DATE
> Task :library:lib-apk:mergeDebugShaders UP-TO-DATE
> Task :feature:feature-sqlite:compileDebugShaders NO-SOURCE
> Task :feature:feature-sqlite:generateDebugAssets UP-TO-DATE
> Task :feature:feature-tools:mergeDebugShaders UP-TO-DATE
> Task :feature:feature-repack:bundleLibCompileToJarDebug UP-TO-DATE
> Task :library:lib-syntax:mergeDebugShaders UP-TO-DATE
> Task :feature:feature-sqlite:packageDebugAssets UP-TO-DATE
> Task :library:lib-apk:compileDebugShaders NO-SOURCE
> Task :feature:feature-terminal:compileDebugShaders NO-SOURCE
> Task :library:lib-apk:generateDebugAssets UP-TO-DATE
> Task :feature:feature-terminal:generateDebugAssets UP-TO-DATE
> Task :feature:feature-files:bundleLibRuntimeToJarDebug UP-TO-DATE
> Task :library:lib-syntax:compileDebugShaders NO-SOURCE
> Task :library:lib-syntax:generateDebugAssets UP-TO-DATE
> Task :feature:feature-tools:compileDebugShaders NO-SOURCE
> Task :feature:feature-tools:generateDebugAssets UP-TO-DATE
> Task :feature:feature-terminal:packageDebugAssets UP-TO-DATE
> Task :library:lib-apk:packageDebugAssets UP-TO-DATE
> Task :app:kspDebugKotlin UP-TO-DATE
> Task :library:lib-syntax:packageDebugAssets UP-TO-DATE
> Task :feature:feature-editor:bundleLibRuntimeToJarDebug UP-TO-DATE
> Task :feature:feature-analyzer:bundleLibRuntimeToJarDebug UP-TO-DATE
> Task :feature:feature-settings:bundleLibRuntimeToJarDebug UP-TO-DATE
> Task :feature:feature-tools:packageDebugAssets UP-TO-DATE
> Task :feature:feature-terminal:bundleLibRuntimeToJarDebug UP-TO-DATE
> Task :feature:feature-player:bundleLibRuntimeToJarDebug UP-TO-DATE
> Task :feature:feature-tools:bundleLibRuntimeToJarDebug UP-TO-DATE
> Task :feature:feature-remote:bundleLibRuntimeToJarDebug UP-TO-DATE
> Task :feature:feature-dex:bundleLibRuntimeToJarDebug UP-TO-DATE
> Task :feature:feature-hex:bundleLibRuntimeToJarDebug UP-TO-DATE
> Task :app:compileDebugKotlin UP-TO-DATE
> Task :feature:feature-diff:bundleLibRuntimeToJarDebug UP-TO-DATE
> Task :feature:feature-repack:bundleLibRuntimeToJarDebug UP-TO-DATE
> Task :feature:feature-size:bundleLibRuntimeToJarDebug UP-TO-DATE
> Task :feature:feature-security:bundleLibRuntimeToJarDebug UP-TO-DATE
> Task :feature:feature-sqlite:bundleLibRuntimeToJarDebug UP-TO-DATE
> Task :feature:feature-axml:bundleLibRuntimeToJarDebug UP-TO-DATE
> Task :feature:feature-arsc:bundleLibRuntimeToJarDebug UP-TO-DATE
> Task :app:compileDebugJavaWithJavac UP-TO-DATE
> Task :feature:feature-elf:bundleLibRuntimeToJarDebug UP-TO-DATE
> Task :app:desugarDebugFileDependencies UP-TO-DATE
> Task :core:core-common:processDebugJavaRes UP-TO-DATE
> Task :core:core-database:processDebugJavaRes UP-TO-DATE
> Task :core:core-arch:processDebugJavaRes UP-TO-DATE
> Task :core:core-data:processDebugJavaRes UP-TO-DATE
> Task :core:core-plugin:processDebugJavaRes UP-TO-DATE
> Task :core:core-model:processDebugJavaRes UP-TO-DATE
> Task :feature:feature-analyzer:processDebugJavaRes UP-TO-DATE
> Task :feature:feature-arsc:processDebugJavaRes UP-TO-DATE
> Task :feature:feature-dex:processDebugJavaRes UP-TO-DATE
> Task :core:core-ui:processDebugJavaRes UP-TO-DATE
> Task :feature:feature-diff:processDebugJavaRes UP-TO-DATE
> Task :feature:feature-axml:processDebugJavaRes UP-TO-DATE
> Task :feature:feature-files:processDebugJavaRes UP-TO-DATE
> Task :feature:feature-editor:processDebugJavaRes UP-TO-DATE
> Task :feature:feature-hex:processDebugJavaRes UP-TO-DATE
> Task :feature:feature-player:processDebugJavaRes UP-TO-DATE
> Task :feature:feature-remote:processDebugJavaRes UP-TO-DATE
> Task :feature:feature-security:processDebugJavaRes UP-TO-DATE
> Task :feature:feature-settings:processDebugJavaRes UP-TO-DATE
> Task :feature:feature-repack:processDebugJavaRes UP-TO-DATE
> Task :feature:feature-elf:processDebugJavaRes UP-TO-DATE
> Task :feature:feature-signing:processDebugJavaRes UP-TO-DATE
> Task :feature:feature-terminal:processDebugJavaRes UP-TO-DATE
> Task :feature:feature-size:processDebugJavaRes UP-TO-DATE
> Task :feature:feature-tools:processDebugJavaRes UP-TO-DATE
> Task :library:lib-apk:processDebugJavaRes UP-TO-DATE
> Task :feature:feature-sqlite:processDebugJavaRes UP-TO-DATE
> Task :library:lib-syntax:processDebugJavaRes UP-TO-DATE
> Task :feature:feature-editor:bundleLibRuntimeToDirDebug UP-TO-DATE
> Task :feature:feature-files:bundleLibRuntimeToDirDebug UP-TO-DATE
> Task :feature:feature-settings:bundleLibRuntimeToDirDebug UP-TO-DATE
> Task :feature:feature-player:bundleLibRuntimeToDirDebug UP-TO-DATE
> Task :feature:feature-analyzer:bundleLibRuntimeToDirDebug UP-TO-DATE
> Task :feature:feature-terminal:bundleLibRuntimeToDirDebug UP-TO-DATE
> Task :feature:feature-tools:bundleLibRuntimeToDirDebug UP-TO-DATE
> Task :feature:feature-remote:bundleLibRuntimeToDirDebug UP-TO-DATE
> Task :feature:feature-dex:bundleLibRuntimeToDirDebug UP-TO-DATE
> Task :feature:feature-repack:bundleLibRuntimeToDirDebug UP-TO-DATE
> Task :feature:feature-hex:bundleLibRuntimeToDirDebug UP-TO-DATE
> Task :feature:feature-signing:bundleLibRuntimeToDirDebug UP-TO-DATE
> Task :feature:feature-diff:bundleLibRuntimeToDirDebug UP-TO-DATE
> Task :feature:feature-security:bundleLibRuntimeToDirDebug UP-TO-DATE
> Task :feature:feature-size:bundleLibRuntimeToDirDebug UP-TO-DATE
> Task :feature:feature-axml:bundleLibRuntimeToDirDebug UP-TO-DATE
> Task :feature:feature-arsc:bundleLibRuntimeToDirDebug UP-TO-DATE
> Task :feature:feature-sqlite:bundleLibRuntimeToDirDebug UP-TO-DATE
> Task :core:core-arch:bundleLibRuntimeToDirDebug UP-TO-DATE
> Task :library:lib-syntax:bundleLibRuntimeToDirDebug UP-TO-DATE
> Task :feature:feature-elf:bundleLibRuntimeToDirDebug UP-TO-DATE
> Task :core:core-ui:bundleLibRuntimeToDirDebug UP-TO-DATE
> Task :core:core-plugin:bundleLibRuntimeToDirDebug UP-TO-DATE
> Task :core:core-database:bundleLibRuntimeToDirDebug UP-TO-DATE
> Task :core:core-data:bundleLibRuntimeToDirDebug UP-TO-DATE
> Task :core:core-common:bundleLibRuntimeToDirDebug UP-TO-DATE
> Task :core:core-model:bundleLibRuntimeToDirDebug UP-TO-DATE
> Task :library:lib-apk:bundleLibRuntimeToDirDebug UP-TO-DATE
> Task :app:mergeDebugJniLibFolders UP-TO-DATE
> Task :core:core-arch:mergeDebugJniLibFolders UP-TO-DATE
> Task :core:core-common:mergeDebugJniLibFolders UP-TO-DATE
> Task :core:core-arch:mergeDebugNativeLibs NO-SOURCE
> Task :core:core-common:mergeDebugNativeLibs NO-SOURCE
> Task :core:core-arch:copyDebugJniLibsProjectOnly UP-TO-DATE
> Task :core:core-database:mergeDebugJniLibFolders UP-TO-DATE
> Task :core:core-common:copyDebugJniLibsProjectOnly UP-TO-DATE
> Task :core:core-data:mergeDebugJniLibFolders UP-TO-DATE
> Task :core:core-model:mergeDebugJniLibFolders UP-TO-DATE
> Task :core:core-database:mergeDebugNativeLibs NO-SOURCE
> Task :core:core-database:copyDebugJniLibsProjectOnly UP-TO-DATE
> Task :core:core-data:mergeDebugNativeLibs NO-SOURCE
> Task :core:core-model:mergeDebugNativeLibs NO-SOURCE
> Task :core:core-data:copyDebugJniLibsProjectOnly UP-TO-DATE
> Task :core:core-plugin:mergeDebugJniLibFolders UP-TO-DATE
> Task :core:core-model:copyDebugJniLibsProjectOnly UP-TO-DATE
> Task :feature:feature-analyzer:mergeDebugJniLibFolders UP-TO-DATE
> Task :core:core-ui:mergeDebugJniLibFolders UP-TO-DATE
> Task :core:core-plugin:mergeDebugNativeLibs NO-SOURCE
> Task :core:core-ui:mergeDebugNativeLibs NO-SOURCE
> Task :core:core-ui:copyDebugJniLibsProjectOnly UP-TO-DATE
> Task :core:core-plugin:copyDebugJniLibsProjectOnly UP-TO-DATE
> Task :feature:feature-analyzer:mergeDebugNativeLibs NO-SOURCE
> Task :feature:feature-arsc:mergeDebugJniLibFolders UP-TO-DATE
> Task :feature:feature-axml:mergeDebugJniLibFolders UP-TO-DATE
> Task :feature:feature-analyzer:copyDebugJniLibsProjectOnly UP-TO-DATE
> Task :feature:feature-axml:mergeDebugNativeLibs NO-SOURCE
> Task :feature:feature-axml:copyDebugJniLibsProjectOnly UP-TO-DATE
> Task :feature:feature-dex:mergeDebugJniLibFolders UP-TO-DATE
> Task :feature:feature-arsc:mergeDebugNativeLibs NO-SOURCE
> Task :feature:feature-diff:mergeDebugJniLibFolders UP-TO-DATE
> Task :feature:feature-dex:mergeDebugNativeLibs NO-SOURCE
> Task :feature:feature-diff:mergeDebugNativeLibs NO-SOURCE
> Task :feature:feature-dex:copyDebugJniLibsProjectOnly UP-TO-DATE
> Task :feature:feature-diff:copyDebugJniLibsProjectOnly UP-TO-DATE
> Task :feature:feature-arsc:copyDebugJniLibsProjectOnly UP-TO-DATE
> Task :feature:feature-editor:mergeDebugJniLibFolders UP-TO-DATE
> Task :feature:feature-elf:mergeDebugJniLibFolders UP-TO-DATE
> Task :feature:feature-editor:mergeDebugNativeLibs NO-SOURCE
> Task :feature:feature-elf:mergeDebugNativeLibs NO-SOURCE
> Task :feature:feature-elf:copyDebugJniLibsProjectOnly UP-TO-DATE
> Task :feature:feature-hex:mergeDebugJniLibFolders UP-TO-DATE
> Task :feature:feature-editor:copyDebugJniLibsProjectOnly UP-TO-DATE
> Task :feature:feature-hex:mergeDebugNativeLibs NO-SOURCE
> Task :feature:feature-player:mergeDebugJniLibFolders UP-TO-DATE
> Task :feature:feature-files:mergeDebugJniLibFolders UP-TO-DATE
> Task :feature:feature-hex:copyDebugJniLibsProjectOnly UP-TO-DATE
> Task :feature:feature-remote:mergeDebugJniLibFolders UP-TO-DATE
> Task :feature:feature-files:mergeDebugNativeLibs NO-SOURCE
> Task :feature:feature-player:mergeDebugNativeLibs NO-SOURCE
> Task :feature:feature-remote:mergeDebugNativeLibs NO-SOURCE
> Task :feature:feature-files:copyDebugJniLibsProjectOnly UP-TO-DATE
> Task :feature:feature-player:copyDebugJniLibsProjectOnly UP-TO-DATE
> Task :feature:feature-remote:copyDebugJniLibsProjectOnly UP-TO-DATE
> Task :feature:feature-security:mergeDebugJniLibFolders UP-TO-DATE
> Task :feature:feature-repack:mergeDebugJniLibFolders UP-TO-DATE
> Task :feature:feature-settings:mergeDebugJniLibFolders UP-TO-DATE
> Task :feature:feature-repack:mergeDebugNativeLibs NO-SOURCE
> Task :feature:feature-security:mergeDebugNativeLibs NO-SOURCE
> Task :feature:feature-repack:copyDebugJniLibsProjectOnly UP-TO-DATE
> Task :feature:feature-security:copyDebugJniLibsProjectOnly UP-TO-DATE
> Task :feature:feature-signing:mergeDebugJniLibFolders UP-TO-DATE
> Task :feature:feature-settings:mergeDebugNativeLibs NO-SOURCE
> Task :feature:feature-size:mergeDebugJniLibFolders UP-TO-DATE
> Task :feature:feature-signing:mergeDebugNativeLibs NO-SOURCE
> Task :feature:feature-settings:copyDebugJniLibsProjectOnly UP-TO-DATE
> Task :feature:feature-signing:copyDebugJniLibsProjectOnly UP-TO-DATE
> Task :feature:feature-sqlite:mergeDebugJniLibFolders UP-TO-DATE
> Task :feature:feature-size:mergeDebugNativeLibs NO-SOURCE
> Task :feature:feature-terminal:mergeDebugJniLibFolders UP-TO-DATE
> Task :feature:feature-size:copyDebugJniLibsProjectOnly UP-TO-DATE
> Task :feature:feature-sqlite:mergeDebugNativeLibs NO-SOURCE
> Task :feature:feature-sqlite:copyDebugJniLibsProjectOnly UP-TO-DATE
> Task :feature:feature-tools:mergeDebugJniLibFolders UP-TO-DATE
> Task :feature:feature-terminal:mergeDebugNativeLibs NO-SOURCE
> Task :feature:feature-terminal:copyDebugJniLibsProjectOnly UP-TO-DATE
> Task :library:lib-syntax:mergeDebugJniLibFolders UP-TO-DATE
> Task :library:lib-apk:mergeDebugJniLibFolders UP-TO-DATE
> Task :feature:feature-tools:mergeDebugNativeLibs NO-SOURCE
> Task :feature:feature-tools:copyDebugJniLibsProjectOnly UP-TO-DATE
> Task :library:lib-apk:mergeDebugNativeLibs NO-SOURCE
> Task :library:lib-syntax:mergeDebugNativeLibs NO-SOURCE
> Task :library:lib-apk:copyDebugJniLibsProjectOnly UP-TO-DATE
> Task :library:lib-syntax:copyDebugJniLibsProjectOnly UP-TO-DATE
> Task :app:validateSigningDebug UP-TO-DATE
> Task :app:writeDebugAppMetadata UP-TO-DATE
> Task :app:writeDebugSigningConfigVersions UP-TO-DATE
> Task :app:checkDebugDuplicateClasses UP-TO-DATE
> Task :app:mergeLibDexDebug UP-TO-DATE
> Task :app:mergeDebugNativeLibs UP-TO-DATE
> Task :app:stripDebugDebugSymbols UP-TO-DATE
> Task :app:mergeDebugAssets UP-TO-DATE
> Task :app:mergeExtDexDebug UP-TO-DATE
> Task :app:compressDebugAssets UP-TO-DATE
> Task :app:hiltAggregateDepsDebug UP-TO-DATE
> Task :app:hiltJavaCompileDebug UP-TO-DATE
> Task :app:processDebugJavaRes UP-TO-DATE
> Task :app:transformDebugClassesWithAsm UP-TO-DATE
> Task :app:mergeDebugJavaResource UP-TO-DATE
> Task :app:dexBuilderDebug UP-TO-DATE
> Task :app:mergeProjectDexDebug UP-TO-DATE
> Task :app:mergeDebugGlobalSynthetics UP-TO-DATE
> Task :app:packageDebug UP-TO-DATE
> Task :app:assembleDebug UP-TO-DATE
> Task :app:createDebugApkListingFileRedirect UP-TO-DATE

BUILD SUCCESSFUL in 11s
671 actionable tasks: 671 up-to-date
Configuration cache entry reused.
